Archive member included because of file (symbol)

/dev/ps2dev/ps2lib/dev/ee/lib/libmc.a(libmc.o)
                              memcard.o (mcInit)
/dev/ps2dev/ps2lib/dev/ee/lib/libpad.a(libpad.o)
                              mainloop.o (padInit)
/dev/ps2dev/ps2net/dev/ps2ip/ee/lib/libps2ip.a(ps2ipc.o)
                              mainloop.o (ps2ip_init)
/dev/ps2dev/ps2lib/dev/ee/lib/libkernel.a(memcpy.o)
                              array.o (memcpy)
/dev/ps2dev/ps2lib/dev/ee/lib/libkernel.a(memset.o)
                              array.o (memset)
/dev/ps2dev/ps2lib/dev/ee/lib/libkernel.a(strcat.o)
                              main.o (strcat)
/dev/ps2dev/ps2lib/dev/ee/lib/libkernel.a(strncmp.o)
                              titleman.o (strncmp)
/dev/ps2dev/ps2lib/dev/ee/lib/libkernel.a(memcmp.o)
                              mainloop.o (memcmp)
/dev/ps2dev/ps2lib/dev/ee/lib/libkernel.a(memmove.o)
                              array.o (memmove)
/dev/ps2dev/ps2lib/dev/ee/lib/libkernel.a(strcpy.o)
                              main.o (strcpy)
/dev/ps2dev/ps2lib/dev/ee/lib/libkernel.a(strncpy.o)
                              cdvd_rpc.o (strncpy)
/dev/ps2dev/ps2lib/dev/ee/lib/libkernel.a(strlen.o)
                              main.o (strlen)
/dev/ps2dev/ps2lib/dev/ee/lib/libkernel.a(strchr.o)
                              mainloop.o (strchr)
/dev/ps2dev/ps2lib/dev/ee/lib/libkernel.a(strcmp.o)
                              unzip.o (strcmp)
/dev/ps2dev/ps2lib/dev/ee/lib/libkernel.a(SifBindRpc.o)
                              cd.o (SifBindRpc)
/dev/ps2dev/ps2lib/dev/ee/lib/libkernel.a(SifCallRpc.o)
                              cd.o (SifCallRpc)
/dev/ps2dev/ps2lib/dev/ee/lib/libkernel.a(SifRegisterRpc.o)
                              netplay_ee.o (SifRegisterRpc)
/dev/ps2dev/ps2lib/dev/ee/lib/libkernel.a(SifSetRpcQueue.o)
                              netplay_ee.o (SifSetRpcQueue)
/dev/ps2dev/ps2lib/dev/ee/lib/libkernel.a(SifGetNextRequest.o)
                              netplay_ee.o (SifGetNextRequest)
/dev/ps2dev/ps2lib/dev/ee/lib/libkernel.a(SifExecRequest.o)
                              netplay_ee.o (SifExecRequest)
/dev/ps2dev/ps2lib/dev/ee/lib/libkernel.a(SifRpcMain.o)
                              /dev/ps2dev/ps2lib/dev/ee/lib/libkernel.a(SifBindRpc.o) (_sif_rpc_data)
/dev/ps2dev/ps2lib/dev/ee/lib/libkernel.a(_rpc_get_packet.o)
                              /dev/ps2dev/ps2lib/dev/ee/lib/libkernel.a(SifBindRpc.o) (_rpc_get_packet)
/dev/ps2dev/ps2lib/dev/ee/lib/libkernel.a(_rpc_get_fpacket.o)
                              /dev/ps2dev/ps2lib/dev/ee/lib/libkernel.a(SifExecRequest.o) (_rpc_get_fpacket)
/dev/ps2dev/ps2lib/dev/ee/lib/libkernel.a(SifCheckStatRpc.o)
                              /dev/ps2dev/ps2lib/dev/ee/lib/libmc.a(libmc.o) (SifCheckStatRpc)
/dev/ps2dev/ps2lib/dev/ee/lib/libkernel.a(SetVTLBRefillHandler.o)
                              excepHandler.o (SetVTLBRefillHandler)
/dev/ps2dev/ps2lib/dev/ee/lib/libkernel.a(SetVCommonHandler.o)
                              excepHandler.o (SetVCommonHandler)
/dev/ps2dev/ps2lib/dev/ee/lib/libkernel.a(GetThreadId.o)
                              netplay_ee.o (GetThreadId)
/dev/ps2dev/ps2lib/dev/ee/lib/libkernel.a(SleepThread.o)
                              excepHandler.o (SleepThread)
/dev/ps2dev/ps2lib/dev/ee/lib/libkernel.a(iWakeupThread.o)
                              /dev/ps2dev/ps2lib/dev/ee/lib/libkernel.a(SifRpcMain.o) (iWakeupThread)
/dev/ps2dev/ps2lib/dev/ee/lib/libkernel.a(CreateSema.o)
                              sjpcm_rpc.o (CreateSema)
/dev/ps2dev/ps2lib/dev/ee/lib/libkernel.a(DeleteSema.o)
                              /dev/ps2dev/ps2lib/dev/ee/lib/libkernel.a(SifBindRpc.o) (DeleteSema)
/dev/ps2dev/ps2lib/dev/ee/lib/libkernel.a(iSignalSema.o)
                              sjpcm_rpc.o (iSignalSema)
/dev/ps2dev/ps2lib/dev/ee/lib/libkernel.a(SignalSema.o)
                              sjpcm_rpc.o (SignalSema)
/dev/ps2dev/ps2lib/dev/ee/lib/libkernel.a(WaitSema.o)
                              sjpcm_rpc.o (WaitSema)
/dev/ps2dev/ps2lib/dev/ee/lib/libkernel.a(FlushCache.o)
                              main.o (FlushCache)
/dev/ps2dev/ps2lib/dev/ee/lib/libkernel.a(SifDmaStat.o)
                              sjpcm_rpc.o (SifDmaStat)
/dev/ps2dev/ps2lib/dev/ee/lib/libkernel.a(SifSetDma.o)
                              sjpcm_rpc.o (SifSetDma)
/dev/ps2dev/ps2lib/dev/ee/lib/libkernel.a(SifSetReg.o)
                              /dev/ps2dev/ps2lib/dev/ee/lib/libkernel.a(SifRpcMain.o) (SifSetReg)
/dev/ps2dev/ps2lib/dev/ee/lib/libkernel.a(SifGetReg.o)
                              /dev/ps2dev/ps2lib/dev/ee/lib/libkernel.a(SifRpcMain.o) (SifGetReg)
/dev/ps2dev/ps2lib/dev/ee/lib/libkernel.a(SifWriteBackDCache.o)
                              libxpad.o (SifWriteBackDCache)
/dev/ps2dev/ps2lib/dev/ee/lib/libkernel.a(__errno.o)
                              gzio.o (__errno)
/dev/ps2dev/ps2lib/dev/ee/lib/libkernel.a(errno.o)
[...]
Memory Configuration

Name             Origin             Length             Attributes
*default*        0x0000000000000000 0xffffffffffffffff

Linker script and memory map

LOAD crt0.o
LOAD main.o
LOAD excepHandler.o
LOAD exceptions.o
LOAD array.o
LOAD file.o
LOAD surface.o
LOAD rendersurface.o
LOAD pixelformat.o
LOAD memspace.o
LOAD inputdevice.o
LOAD console.o
LOAD bmpfile.o
LOAD mixbuffer.o
LOAD wavfile.o
LOAD dataio.o
LOAD pathext.o
LOAD adler32.o
LOAD compress.o
LOAD crc32.o
LOAD deflate.o
LOAD gzio.o
LOAD infblock.o
LOAD infcodes.o
LOAD inffast.o
LOAD inflate.o
LOAD inftrees.o
LOAD infutil.o
LOAD trees.o
LOAD uncompr.o
LOAD zutil.o
LOAD explode.o
LOAD unreduce.o
LOAD unshrink.o
LOAD unzip.o
LOAD prof.o
LOAD proflog.o
LOAD profctr.o
LOAD poly.o
LOAD cd.o
LOAD gs.o
LOAD hw.o
LOAD gpfifo.o
LOAD libxpad.o
LOAD libxmtap.o
LOAD sjpcm_rpc.o
LOAD cdvd_rpc.o
LOAD ps2dma.o
LOAD mcsave_ee.o
LOAD sjpcmbuffer.o
LOAD gslist.o
LOAD gpprim.o
LOAD vram.o
LOAD titleman.o
LOAD netplay_ee.o
LOAD font.o
LOAD texture.o
LOAD font_04b16b.o
LOAD input.o
LOAD version.o
LOAD mainloop.o
LOAD uiBrowser.o
LOAD uiNetwork.o
LOAD uiMenu.o
LOAD uiLog.o
LOAD memcard.o
LOAD emurom.o
LOAD emusys.o
LOAD emumovie.o
LOAD snstate.o
LOAD sncpu_c.o
LOAD snrom.o
LOAD sndisasm.o
LOAD snspcdisasm.o
LOAD sncpu.o
LOAD snio.o
LOAD sndma.o
LOAD snppu.o
LOAD snes.o
LOAD snesreg.o
LOAD sn65816.o
LOAD snmemmap.o
LOAD snppucolor.o
LOAD snppublend_gs.o
LOAD snppurender.o
LOAD snppurender8.o
LOAD snppubg.o
LOAD snppuobj.o
LOAD snspctimer.o
LOAD snspcio.o
LOAD snspc_c.o
LOAD snspcdsp.o
LOAD snspcmix.o
LOAD snspcbrr.o
LOAD snspc.o
LOAD snmask128.o
LOAD snspcrom.o
LOAD nesdisk.o
LOAD nesio.o
LOAD nesmmu.o
LOAD n6502.o
LOAD ncpu_c.o
LOAD ndisasm.o
LOAD nescpu.o
LOAD nesppu.o
LOAD nesppurender.o
LOAD nespal.o
LOAD nesrom.o
LOAD nesspu.o
LOAD nesspumix.o
LOAD nesstate.o
LOAD nes.o
LOAD /dev/ps2dev/ps2lib/dev/ee/lib/libmc.a
LOAD /dev/ps2dev/ps2lib/dev/ee/lib/libpad.a
LOAD /dev/ps2dev/ps2net/dev/ps2ip/ee/lib/libps2ip.a
LOAD /dev/ps2dev/ps2lib/dev/ee/lib/libkernel.a
LOAD /dev/ps2dev/gcc/3.2.2-b1/install/i686-pc-cygwin/ee/ee/lib/libc.a
LOAD /dev/ps2dev/gcc/3.2.2-b1/install/i686-pc-cygwin/ee/ee/lib/libm.a
LOAD /dev/ps2dev/gcc/3.2.2-b1/install/i686-pc-cygwin/ee/bin/../lib/gcc-lib/ee/3.2.2/libgcc.a
LOAD /dev/ps2dev/gcc/3.2.2-b1/install/i686-pc-cygwin/ee/ee/lib/libstdc++.a
LOAD /dev/ps2dev/gcc/3.2.2-b1/install/i686-pc-cygwin/ee/bin/../lib/gcc-lib/ee/3.2.2/libgcc.a
LOAD /dev/ps2dev/gcc/3.2.2-b1/install/i686-pc-cygwin/ee/bin/../lib/gcc-lib/ee/3.2.2/libgcc.a

.text           0x0000000000100000    0x63c20
 *(.text)
 .text          0x0000000000100000      0x114 crt0.o
                0x0000000000100008                _start
                0x00000000001000e0                _exit
 *fill*         0x0000000000100114        0x4 00
 .text          0x0000000000100118      0x2a8 main.o
                0x0000000000100128                _Z15MainGetBootPathv
                0x00000000001001c0                _Z10full_resetv
                0x0000000000100138                _Z14MainSetBootDirPKc
                0x0000000000100118                _Z14MainGetBootDirv
                0x0000000000100298                main
 .text          0x00000000001003c0      0x1e8 excepHandler.o
                0x0000000000100518                installExceptionHandlers
                0x00000000001003c0                pkoDebug
 *fill*         0x00000000001005a8        0x8 00
 .text          0x00000000001005b0      0x250 exceptions.o
                0x00000000001005c4                pkoExceptionHandler
                0x00000000001005b0                pkoStepBP
                0x00000000001006fc                pkoReturnFromDebug
 .text          0x0000000000100800      0xa90 array.o
                0x0000000000100818                _ZN9CPtrArrayC1Ev
                0x0000000000100be8                _ZN9CPtrArray9FreeExtraEv
                0x0000000000100890                _ZN9CPtrArray7SetSizeEii
                0x0000000000101130                _ZN9CPtrArray8GetIndexEPv
                0x0000000000101230                _ZN9CPtrArray11AddCollapseEPv
                0x0000000000100ac8                _ZN9CPtrArray6AppendERKS_
                0x00000000001011e0                _ZN9CPtrArray6RemoveEPv
                0x0000000000100b68                _ZN9CPtrArray4CopyERKS_
                0x0000000000100860                _ZN9CPtrArrayD1Ev
                0x0000000000100830                _ZN9CPtrArrayD2Ev
                0x0000000000100c80                _ZN9CPtrArray9SetAtGrowEiPv
                0x0000000000100800                _ZN9CPtrArrayC2Ev
                0x0000000000100f98                _ZN9CPtrArray8InsertAtEiPS_
                0x0000000000100e98                _ZN9CPtrArray8RemoveAtEii
                0x0000000000100d18                _ZN9CPtrArray8InsertAtEiPvi
 .text          0x0000000000101290      0x118 file.o
                0x0000000000101370                _Z10FileExistsPc
                0x0000000000101290                _Z11FileReadMemPcPvj
                0x0000000000101300                _Z12FileWriteMemPcPvj
 .text          0x00000000001013a8      0x3e0 surface.o
                0x0000000000101720                _ZN8CSurface4FreeEv
                0x0000000000101470                _ZN8CSurfaceD1Ev
                0x00000000001013a8                _ZN8CSurfaceC2Ev
                0x00000000001013f8                _ZN8CSurfaceC1Ev
                0x00000000001015e0                _ZN8CSurface3SetEPhjjjP12PixelFormatT
                0x00000000001014e0                _ZN8CSurface10GetLinePtrEi
                0x00000000001014d8                _ZN8CSurface6UnlockEv
                0x00000000001014d0                _ZN8CSurface4LockEv
                0x0000000000101568                _ZN8CSurface5ClearEv
                0x0000000000101678                _ZN8CSurface5AllocEjjP12PixelFormatT
                0x0000000000101498                _ZN8CSurfaceD0Ev
                0x0000000000101518                _ZN8CSurface9ClearLineEi
                0x0000000000101448                _ZN8CSurfaceD2Ev
 .text          0x0000000000101788      0x4a8 rendersurface.o
                0x0000000000101868                _ZN14CRenderSurface10RenderLineEiPhii
                0x0000000000101a68                _ZN14CRenderSurface9ResetClutEv
                0x00000000001019e8                _ZN14CRenderSurfaceC2Ev
                0x0000000000101a28                _ZN14CRenderSurfaceC1Ev
                0x0000000000101be8                _ZN14CRenderSurface17SetPaletteEntriesEiP8Color32Ti
                0x0000000000101a90                _ZN14CRenderSurface14SetClutEntriesEPhii
                0x0000000000101948                _ZN14CRenderSurface12RenderLine32EiPji
 .text          0x0000000000101c30       0x90 pixelformat.o
                0x0000000000101c30                _Z20PixelFormatGetByEnum12PixelFormatE
 .text          0x0000000000101cc0      0x3c0 memspace.o
                0x0000000000101e18                _ZN9CMemSpace4FreeEv
                0x0000000000101cd8                _ZN9CMemSpaceC1Ev
                0x0000000000101ef0                _ZN9CMemSpace8ReadFileEP7CDataIO
                0x0000000000101d30                _ZN9CMemSpace5ClearEh
                0x0000000000101ea8                _ZN9CMemSpace9WriteFileEP7__sFILE
                0x0000000000101fc8                _ZN9CMemSpace9WriteFileEP7CDataIO
                0x0000000000101f40                _ZN9CMemSpace13ReadAllocFileEP7CDataIOj
                0x0000000000102050                _ZN9CMemSpace12RestoreStateEPhj
                0x0000000000101cf0                _ZN9CMemSpaceD2Ev
                0x0000000000101e60                _ZN9CMemSpace8ReadFileEP7__sFILE
                0x0000000000101d10                _ZN9CMemSpaceD1Ev
                0x0000000000102018                _ZN9CMemSpace9SaveStateEPhj
                0x0000000000101d68                _ZN9CMemSpace6SetMemEPhj
                0x0000000000101cc0                _ZN9CMemSpaceC2Ev
                0x0000000000101db0                _ZN9CMemSpace5AllocEj
 .text          0x0000000000102080      0x2b0 inputdevice.o
                0x0000000000102138                _ZN12CInputDevice7GetBitsEv
                0x0000000000102180                _ZN12CInputDevice4PollEv
                0x00000000001021c0                _ZN9CInputMapC1Ev
                0x00000000001021f8                _ZN9CInputMap10SetMappingEiPh
                0x00000000001020b8                _ZN12CInputDeviceC1Ev
                0x00000000001020f0                _ZN12CInputDevice10ResetStateEv
                0x0000000000102080                _ZN12CInputDeviceC2Ev
                0x0000000000102230                _ZN9CInputMap9SetDeviceEP12IInputDevice
                0x0000000000102238                _ZN9CInputMap4PollEv
                0x0000000000102188                _ZN9CInputMapC2Ev
 .text          0x0000000000102330       0x10 console.o
                0x0000000000102330                ConInit
                0x0000000000102338                ConShutdown
 .text          0x0000000000102340      0x450 bmpfile.o
                0x0000000000102568                _Z11BMPReadFilePcP8CSurface
                0x0000000000102340                _Z12BMPWriteFilePcP8CSurfaceP8PaletteT
 .text          0x0000000000102790       0x30 mixbuffer.o
                0x00000000001027a8                _ZN10CMixBuffer17OutputSamplesMonoEPsi
                0x0000000000102790                _ZN10CMixBuffer9GetFormatEPjS0_S0_
                0x00000000001027b0                _ZN10CMixBuffer19OutputSamplesStereoEPsS0_i
                0x00000000001027b8                _ZN10CMixBuffer5FlushEv
                0x00000000001027a0                _ZN10CMixBuffer16GetOutputSamplesEv
 .text          0x00000000001027c0      0x470 wavfile.o
                0x0000000000102c10                _ZN8CWavFile9GetFormatEPjS0_S0_
                0x0000000000102960                _ZN8CWavFile16InterleaveStereoEPsS0_S0_i
                0x0000000000102bf0                _ZN8CWavFile16GetOutputSamplesEv
                0x00000000001027f0                _ZN8CWavFileD2Ev
                0x00000000001028c0                _ZN8CWavFile16OutputSampleDataEPhj
                0x0000000000102ab8                _ZN8CWavFile4OpenEPcjjj
                0x0000000000102928                _ZN8CWavFile17OutputSamplesMonoEPsi
                0x00000000001027c0                _ZN8CWavFileC2Ev
                0x0000000000102a48                _ZN8CWavFile5CloseEv
                0x00000000001027d8                _ZN8CWavFileC1Ev
                0x0000000000102830                _ZN8CWavFileD1Ev
                0x0000000000102870                _ZN8CWavFileD0Ev
                0x0000000000102998                _ZN8CWavFile19OutputSamplesStereoEPsS0_i
 .text          0x0000000000102c30      0x4f0 dataio.o
                0x0000000000102d68                _ZN7CFileIO4ReadEPvi
                0x0000000000102d08                _ZN7CFileIO4OpenEPKcS1_
                0x0000000000102de8                _ZN7CFileIO4SeekEii
                0x0000000000102e58                _ZN7CFileIO5CloseEv
                0x0000000000102e20                _ZN7CFileIO6GetPosEv
                0x0000000000102f18                _ZN10CMemFileIO4OpenEPhj
                0x00000000001030d8                _ZN10CMemFileIO5CloseEv
                0x0000000000102ed8                _ZN10CMemFileIOC1Ev
                0x0000000000102cd0                _ZN7CFileIOC1Ev
                0x0000000000102c30                _ZN7CDataIOC2Ev
                0x00000000001030e8                _ZN10CMemFileIO7ReadPtrEi
                0x0000000000102c98                _ZN7CFileIOC2Ev
                0x0000000000102c70                _ZN7CDataIOD0Ev
                0x0000000000102c60                _ZN7CDataIOD1Ev
                0x0000000000102c50                _ZN7CDataIOD2Ev
                0x0000000000103070                _ZN10CMemFileIO4SeekEii
                0x0000000000102ff0                _ZN10CMemFileIO5WriteEPKvi
                0x0000000000102e98                _ZN10CMemFileIOC2Ev
                0x0000000000102f70                _ZN10CMemFileIO4ReadEPvi
                0x0000000000102da8                _ZN7CFileIO5WriteEPKvi
                0x0000000000102c40                _ZN7CDataIOC1Ev
 .text          0x0000000000103120      0x238 pathext.o
                0x00000000001032e0                _Z14PathExtResolvePcPjh
                0x0000000000103240                _Z10PathExtGetPc
                0x00000000001031e0                _Z10PathExtAddjPc
 .text          0x0000000000103358      0x198 adler32.o
                0x0000000000103358                adler32
 .text          0x00000000001034f0       0xf0 compress.o
                0x00000000001034f0                compress2
                0x00000000001035c0                compress
 .text          0x00000000001035e0      0x208 crc32.o
                0x00000000001035f0                crc32
                0x00000000001035e0                get_crc_table
 .text          0x00000000001037e8     0x1f28 deflate.o
                0x0000000000103ef0                deflate
                0x0000000000103ae8                deflateSetDictionary
                0x00000000001037e8                deflateInit_
                0x0000000000103818                deflateInit2_
                0x0000000000103c48                deflateReset
                0x0000000000104368                deflateCopy
                0x0000000000103d00                deflateParams
                0x0000000000104268                deflateEnd
 .text          0x0000000000105710     0x14a8 gzio.o
                0x0000000000106618                gzflush
                0x00000000001061e0                gzgetc
                0x0000000000105a08                gzopen
                0x0000000000106a90                gzerror
                0x0000000000105a80                gzsetparams
                0x00000000001068f0                gztell
                0x0000000000106668                gzseek
                0x0000000000105f10                gzread
                0x0000000000106480                gzputs
                0x0000000000105a28                gzdopen
                0x0000000000106a18                gzclose
                0x00000000001062d8                gzwrite
                0x0000000000106440                gzputc
                0x0000000000106910                gzeof
                0x0000000000106218                gzgets
                0x0000000000106850                gzrewind
                0x00000000001063c0                gzprintf
 .text          0x0000000000106bb8      0xd98 infblock.o
                0x0000000000107888                inflate_blocks_free
                0x0000000000106d68                inflate_blocks
                0x0000000000106bb8                inflate_blocks_reset
                0x0000000000107940                inflate_blocks_sync_point
                0x00000000001078f0                inflate_set_dictionary
                0x0000000000106c80                inflate_blocks_new
 .text          0x0000000000107950      0x838 infcodes.o
                0x0000000000107950                inflate_codes_new
                0x00000000001079c0                inflate_codes
                0x0000000000108160                inflate_codes_free
 .text          0x0000000000108188      0x438 inffast.o
                0x0000000000108188                inflate_fast
 .text          0x00000000001085c0      0x958 inflate.o
                0x0000000000108808                inflate
                0x0000000000108ed0                inflateSyncPoint
                0x00000000001087e0                inflateInit_
                0x00000000001085c0                inflateReset
                0x0000000000108db8                inflateSync
                0x0000000000108ce8                inflateSetDictionary
                0x0000000000108618                inflateEnd
                0x0000000000108690                inflateInit2_
 .text          0x0000000000108f18      0x8b8 inftrees.o
                0x0000000000109798                inflate_trees_fixed
                0x00000000001094b0                inflate_trees_bits
                0x00000000001095b0                inflate_trees_dynamic
 .text          0x00000000001097d0      0x1a0 infutil.o
                0x00000000001097d0                inflate_flush
 .text          0x0000000000109970     0x2198 trees.o
                0x000000000010afe8                _tr_flush_block
                0x000000000010ac60                _tr_stored_block
                0x0000000000109978                _tr_init
                0x000000000010b278                _tr_tally
                0x000000000010ad20                _tr_align
 .text          0x000000000010bb08       0xd8 uncompr.o
                0x000000000010bb08                uncompress
 .text          0x000000000010bbe0       0x80 zutil.o
                0x000000000010bbe0                zlibVersion
                0x000000000010bc40                zcfree
                0x000000000010bbf0                zError
                0x000000000010bc10                zcalloc
 .text          0x000000000010bc60     0x23d0 explode.o
                0x000000000010bc60                get_tree
                0x000000000010de50                flush
                0x000000000010d760                ReadByte
                0x000000000010d410                explode
                0x000000000010de18                huft_free
                0x000000000010c990                explode_nolit8
                0x000000000010bd30                explode_lit8
                0x000000000010def0                flush_stack
                0x000000000010ced0                explode_nolit4
                0x000000000010df90                FillBitBuffer
                0x000000000010d878                huft_build
                0x000000000010c360                explode_lit4
 .text          0x000000000010e030      0x5d0 unreduce.o
                0x000000000010e030                unReduce
 .text          0x000000000010e600      0x5f0 unshrink.o
                0x000000000010e600                unShrink
 .text          0x000000000010ebf0     0x17a8 unzip.o
                0x000000000010fd48                unzReadCurrentFile
                0x000000000010f868                unzLocateFile
                0x000000000010f758                unzGoToFirstFile
                0x000000000010fbe0                unzOpenCurrentFile
                0x000000000010f280                unzGetGlobalInfo
                0x0000000000110130                unzGetLocalExtrafield
                0x000000000010f710                unzGetCurrentFileInfo
                0x000000000010f7c0                unzGoToNextFile
                0x0000000000110208                unzCloseCurrentFile
                0x0000000000110100                unzeof
                0x00000000001102b8                unzGetGlobalComment
                0x00000000001100e0                unztell
                0x000000000010ee50                unzStringFileNameCompare
                0x000000000010f228                unzClose
                0x000000000010f038                unzOpen
 .text          0x0000000000110398      0x130 prof.o
                0x0000000000110430                ProfStartProfile
                0x0000000000110440                ProfProcess
                0x00000000001103e8                ProfShutdown
                0x0000000000110398                ProfInit
 .text          0x00000000001104c8      0x660 proflog.o
                0x00000000001108c8                ProfLogPrint
                0x0000000000110860                ProfLogEnd
                0x00000000001107c8                ProfLogNew
                0x0000000000110858                ProfLogBegin
                0x0000000000110810                ProfLogDelete
 .text          0x0000000000110b28       0x68 profctr.o
                0x0000000000110b50                ProfCtrInit
                0x0000000000110b28                ProfCtrStartCounter
                0x0000000000110b78                ProfCtrReset
                0x0000000000110b70                ProfCtrShutdown
 .text          0x0000000000110b90      0x470 poly.o
                0x0000000000110d00                _Z12PolyShutdownv
                0x0000000000110d70                _Z11PolyColor4fffff
                0x0000000000110d08                _Z11PolyTextureP8TextureT
                0x0000000000110fb0                _Z9PolyBlendj
                0x0000000000110cf8                _Z8PolyInitv
                0x0000000000110f48                _Z6PolyUViiii
                0x0000000000110fc0                _Z8PolyRectffff
                0x0000000000110fa0                _Z8PolyModej
                0x0000000000110ff8                _Z10PolySpriteffff
                0x0000000000110e00                _Z6PolySTffff
 .text          0x0000000000111000      0x108 cd.o
                0x0000000000111000                cdvdExit
                0x0000000000111010                cdvdInit
 .text          0x0000000000111108      0x478 gs.o
                0x0000000000111240                GS_GetOffsetReg
                0x0000000000111218                GS_GetFrameReg
                0x00000000001111d0                GS_SetDrawFB
                0x0000000000111578                GS_VSync
                0x00000000001111a8                GS_SetCrtFB
                0x0000000000111108                GS_SetDispMode
                0x0000000000111268                GS_SetEnv
                0x0000000000111518                GS_InitGraph
 .text          0x0000000000111580      0x250 hw.o
                0x00000000001115d4                remove_VRstart_handler
                0x0000000000111790                wmemcpy
                0x0000000000111624                WaitForNextVRstart
                0x0000000000111720                Dma02Wait
                0x00000000001117b0                pal_ntsc
                0x0000000000111674                DmaReset
                0x0000000000111660                ClearVRcount
                0x0000000000111580                install_VRstart_handler
                0x00000000001116fc                SendDma02
                0x000000000011164c                TestVRstart
                0x0000000000111770                dmemcpy
                0x0000000000111750                qmemcpy
 .text          0x00000000001117d0      0x2d8 gpfifo.o
                0x00000000001119b0                GPFifoClose
                0x00000000001119d0                GPFifoInit
                0x0000000000111978                GPFifoOpen
                0x0000000000111880                GPFifoPause
                0x0000000000111908                GPFifoResume
                0x0000000000111958                GPFifoSync
                0x0000000000111a88                GPFifoShutdown
                0x0000000000111858                GPFifoFlush
 .text          0x0000000000111aa8      0xd68 libxpad.o
                0x0000000000112408                xpadEnterPressMode
                0x0000000000111f38                xpadRead
                0x0000000000112140                xpadGetSlotMax
                0x00000000001120d8                xpadGetPortMax
                0x0000000000111b30                xpadInit
                0x0000000000111f80                xpadGetState
                0x00000000001123d8                xpadInfoPressMode
                0x0000000000112610                xpadSetActAlign
                0x0000000000112048                xpadStateInt2String
                0x00000000001121b0                xpadGetModVersion
                0x0000000000111ff8                xpadGetReqState
                0x0000000000112018                xpadSetReqState
                0x0000000000112428                xpadExitPressMode
                0x00000000001126f0                xpadSetActDirect
                0x0000000000111cd0                xpadEnd
                0x0000000000112318                xpadSetMainMode
                0x0000000000112090                xpadReqStateInt2String
                0x0000000000111d50                xpadPortOpen
                0x0000000000111e80                xpadPortClose
                0x0000000000111b10                xpadGetFrameCount
                0x0000000000112578                xpadInfoAct
                0x0000000000112798                xpadGetConnection
                0x0000000000112218                xpadInfoMode
                0x00000000001124c0                xpadSetButtonInfo
                0x0000000000112448                xpadGetButtonMask
 .text          0x0000000000112810      0x1e8 libxmtap.o
                0x0000000000112810                xmtapInit
                0x0000000000112978                xmtapPortOpen
 .text          0x00000000001129f8      0x7f8 sjpcm_rpc.o
                0x0000000000112fd8                SjPCM_BufferedAsyncStart
                0x0000000000112e10                _SjPCM_EnqueueIntr
                0x0000000000112e40                SjPCM_Sync
                0x0000000000113190                SjPCM_Quit
                0x0000000000113120                SjPCM_Buffered
                0x0000000000112aa8                SjPCM_Setvol
                0x0000000000112b68                SjPCM_Init
                0x00000000001129f8                SjPCM_Play
                0x0000000000112cc0                SjPCM_Enqueue
                0x0000000000112a50                SjPCM_Pause
                0x0000000000113060                SjPCM_IsInitialized
                0x0000000000112b10                SjPCM_Clearbuff
                0x0000000000112e78                SjPCM_EnqueueAsync
                0x0000000000112fa8                _SjPCM_BufferedIntr
                0x00000000001130b0                SjPCM_Available
                0x0000000000113070                SjPCM_BufferedAsyncGet
 .text          0x00000000001131f0      0x3d0 cdvd_rpc.o
                0x0000000000113280                CDVD_DiskReady
                0x0000000000113450                CDVD_getdir
                0x0000000000113568                CDVD_FlushCache
                0x0000000000113390                CDVD_Stop
                0x00000000001131f0                CDVD_Init
                0x00000000001132f0                CDVD_FindFile
                0x00000000001133e8                CDVD_TrayReq
 .text          0x00000000001135c0      0x328 ps2dma.o
                0x0000000000113848                DmaExecGIFChain
                0x0000000000113628                DmaExecRamToSpr
                0x0000000000113750                DmaExecVIF1
                0x0000000000113668                DmaSyncRamToSpr
                0x0000000000113888                DmaSyncGIF
                0x00000000001136c8                DmaExecVIF0Chain
                0x0000000000113708                DmaSyncVIF0
                0x0000000000113690                DmaExecVIF0
                0x00000000001135c0                DmaExecSprToRam
                0x00000000001137c8                DmaSyncVIF1
                0x0000000000113600                DmaSyncSprToRam
                0x0000000000113788                DmaExecVIF1Chain
                0x0000000000113810                DmaExecGIF
 .text          0x00000000001138e8      0x368 mcsave_ee.o
                0x0000000000113bb8                MCSave_Dread
                0x0000000000113910                MCSave_Init
                0x0000000000113900                MCSave_IsInitialized
                0x0000000000113b48                MCSave_Shutdown
                0x0000000000113a38                MCSave_Write
                0x0000000000113a00                MCSave_WriteSync
 .text          0x0000000000113c50      0x3f8 sjpcmbuffer.o
                0x0000000000113d90                _ZN14SJPCMMixBuffer18ConvertSamples2to3EPsS0_iPi
                0x0000000000113cc0                _ZN14SJPCMMixBuffer16GetOutputSamplesEv
                0x0000000000113ca0                _ZN14SJPCMMixBuffer9GetFormatEPjS0_S0_
                0x0000000000114020                _ZN14SJPCMMixBuffer17OutputSamplesMonoEPsi
                0x0000000000113f98                _ZN14SJPCMMixBuffer5FlushEv
                0x0000000000113c78                _ZN14SJPCMMixBufferC1Ejh
                0x0000000000113c50                _ZN14SJPCMMixBufferC2Ejh
                0x0000000000113e00                _ZN14SJPCMMixBuffer26ConvertSamplesStereo_32000EPsS0_S0_S0_i
                0x0000000000113e88                _ZN14SJPCMMixBuffer19OutputSamplesStereoEPsS0_i
 .text          0x0000000000114048      0x9b0 gslist.o
                0x0000000000114348                GSDmaCntOpen
                0x0000000000114820                GSGifReg
                0x0000000000114308                GSListGetSpace
                0x0000000000114268                GSListGetPtr
                0x00000000001142a0                GSListSetPtr
                0x0000000000114600                GSGifTagOpenAD
                0x0000000000114278                GSListGetUncachedPtr
                0x0000000000114290                GSListGetStart
                0x0000000000114708                GSGifRegAD
                0x0000000000114790                GSGifTagOpen
                0x0000000000114328                GSListGetSize
                0x0000000000114888                GSGifTagCloseNLoop
                0x0000000000114950                GSGifTagClose
                0x00000000001144d8                GSDmaEnd
                0x00000000001140f8                GSListBegin
                0x0000000000114688                GSGifTagCloseAD
                0x00000000001143d0                GSDmaCntClose
                0x0000000000114448                GSDmaRef
                0x0000000000114550                GSGifTagImage
                0x0000000000114048                GSListSpace
                0x0000000000114198                GSListEnd
 .text          0x00000000001149f8      0x5a8 gpprim.o
                0x00000000001149f8                GPPrimRect
                0x0000000000114b38                GPPrimDisableZBuf
                0x0000000000114cb8                GPPrimSetTex
                0x0000000000114b70                GPPrimTexRect
                0x0000000000114e10                GPPrimUploadTexture
                0x0000000000114b00                GPPrimEnableZBuf
 .text          0x0000000000114fa0       0xf0 vram.o
                0x0000000000114fd8                VramInit
                0x0000000000114ff0                VramShutdown
                0x0000000000114ff8                VramAlloc
                0x0000000000115088                VramFree
 .text          0x0000000000115090      0x658 titleman.o
                0x00000000001151d0                get_next_title
                0x0000000000115100                find_title
                0x00000000001152c0                list_title_db
                0x0000000000115090                init_exploit_data
                0x00000000001153a0                add_title_db
                0x00000000001155e8                del_title_db
 .text          0x00000000001156e8      0x658 netplay_ee.o
                0x0000000000115a30                NetPlayServerStop
                0x0000000000115ad0                NetPlayClientDisconnect
                0x0000000000115bc8                NetPlayClientSendLoadReq
                0x0000000000115c68                _Netplay_InputIntr
                0x0000000000115c20                NetPlayClientSendLoadAck
                0x0000000000115b18                NetPlayServerPingAll
                0x0000000000115850                NetPlayRPCProcess
                0x0000000000115890                NetPlayInit
                0x0000000000115b58                NetPlayGetStatus
                0x0000000000115c88                NetPlayClientInput
                0x0000000000115a70                NetPlayClientConnect
                0x00000000001159d0                NetPlayServerStart
                0x00000000001157a8                NetPlayPuts
 .text          0x0000000000115d40      0x9c8 font.o
                0x00000000001164d0                _Z14_FontParseLineP5FontTP8CSurfacePcjj
                0x0000000000116100                _Z8FontPutsffPc
                0x00000000001163a8                _Z10FontDeleteP5FontT
                0x00000000001161c8                _Z10FontSelecti
                0x0000000000116200                _Z12FontGetWidthv
                0x0000000000116080                _Z11FontColor4fffff
                0x0000000000116220                _Z13FontGetHeightv
                0x0000000000116140                _Z10FontPrintfffPcz
                0x0000000000116378                _Z7FontNewP5FontT
                0x0000000000115e20                _Z15FontGetStrWidthPc
                0x00000000001161e8                _Z11FontSetFontiP5FontT
                0x0000000000116348                _Z12FontShutdownv
                0x0000000000116240                _Z8FontInitj
                0x00000000001165e0                _Z14FontParseCharsP5FontTP8CSurfacePc
                0x0000000000115fe8                _Z8FontMakeP5FontTP8CSurfacejPc
 .text          0x0000000000116708      0x1a8 texture.o
                0x0000000000116898                _Z13TextureDeleteP8TextureT
                0x0000000000116748                _Z10TextureNewP8TextureTjjj
                0x00000000001168a0                _Z14TextureGetAddrP8TextureT
                0x0000000000116858                _Z13TextureUploadP8TextureTPh
                0x0000000000116850                _Z14TextureSetAddrP8TextureTj
                0x00000000001168a8                _Z16TextureSetFilterP8TextureTj
 .text          0x00000000001168b0      0x5a8 input.o
                0x0000000000116a60                _Z19InputIsPadConnectedj
                0x0000000000116b78                _Z13InputShutdownv
                0x0000000000116a90                _Z15InputGetPadDataj
                0x0000000000116c38                _Z9InputPollv
                0x0000000000116ad0                _Z9InputInith
 .text          0x0000000000116e58       0x20 version.o
                0x0000000000116e68                _Z17VersionGetElfNamev
                0x0000000000116e58                _Z14VersionGetInfov
 .text          0x0000000000116e78     0x4190 mainloop.o
                0x000000000011aea8                _Znaj
                0x00000000001170c0                _Z24PathGetMaxFileNameLengthPKc
                0x000000000011a6f8                _Z16MainLoopShutdownv
                0x0000000000116e78                _Z19MainLoopModalPrintfiPcz
                0x0000000000119ea8                _Z14MainLoopRenderv
                0x0000000000117008                _Z17PathTruncFileNamePcS_i
                0x0000000000116ef0                _Z20MainLoopStatusPrintfiPcz
                0x0000000000116f50                _Z9ScrPrintfPcz
                0x000000000011ae88                _ZdlPv
                0x000000000011a3a8                _Z15MainLoopProcessv
                0x0000000000118b90                _Z13IOPLoadModulePKcPPciS0_
                0x00000000001191f0                _Z8CopyFilePcS_PFiS_S_iiE
                0x0000000000117660                _Z18_MainLoopSaveStatev
                0x000000000011aec8                _ZdaPv
                0x0000000000119e40                _Z14_MainLoopInputj
                0x0000000000117508                _Z18_MainLoopLoadStatev
                0x0000000000119578                _Z12MainLoopInitv
                0x000000000011ae68                _Znwj
                0x0000000000119410                _Z12InstallFilesPcS_PS_PFiS_S_iiE
 .text          0x000000000011b008      0xf98 uiBrowser.o
                0x000000000011b358                _ZN14CBrowserScreenC2Ej
                0x000000000011b408                _ZN14CBrowserScreenC1Ej
                0x000000000011b610                _ZN14CBrowserScreen8AddEntryEPc17BrowserEntryTypeEi
                0x000000000011baa8                _ZN14CBrowserScreen5InputEjj
                0x000000000011b5e0                _ZN14CBrowserScreen11SortEntriesEv
                0x000000000011bea8                _ZN14CBrowserScreen5ChdirEPc
                0x000000000011b4b8                _ZN14CBrowserScreenD2Ev
                0x000000000011b6c8                _ZN14CBrowserScreen4DrawEv
                0x000000000011b008                _ZN14CBrowserScreen12GetEntryPathEPci
                0x000000000011b070                _ZN14CBrowserScreen12GetEntryNameEv
                0x000000000011bce0                _ZN14CBrowserScreen6SetDirEPc
                0x000000000011b598                _ZN14CBrowserScreen12ResetEntriesEv
                0x000000000011b0a8                _ZN14CBrowserScreen12GetEntryTypeEv
                0x000000000011baa0                _ZN14CBrowserScreen7ProcessEv
                0x000000000011b0e0                _ZN14CBrowserScreen9MenuEventEjjPv
                0x000000000011b500                _ZN14CBrowserScreenD1Ev
                0x000000000011b548                _ZN14CBrowserScreenD0Ev
 .text          0x000000000011bfa0      0xf28 uiNetwork.o
                0x000000000011c040                _ZN14CNetworkScreen7ProcessEv
                0x000000000011c460                _Z12_MenuPrintIPiij
                0x000000000011c628                _Z20_MenuPrintAlignRightiiPch
                0x000000000011c290                _ZN14CNetworkScreen9SetEditIPEj
                0x000000000011c3b0                _ZN14CNetworkScreen9GetEditIPEv
                0x000000000011c730                _Z21_MenuPrintAlignCenteriiPch
                0x000000000011c048                _ZN14CNetworkScreen5InputEjj
                0x000000000011c530                _Z19_MenuPrintAlignLeftiiPch
                0x000000000011bfa0                _ZN14CNetworkScreenC2Ev
                0x000000000011c8f8                _Z15_MenuDrawEditIPiiPai
                0x000000000011c4c0                _Z16_MenuPrintIPPortiijj
                0x000000000011bff0                _ZN14CNetworkScreenC1Ev
                0x000000000011c9d0                _ZN14CNetworkScreen4DrawEv
                0x000000000011c840                _Z11_MenuHeaderiPc
 .text          0x000000000011cec8      0x5c0 uiMenu.o
                0x000000000011cf60                _ZN11CMenuScreenC1Ev
                0x000000000011d3f0                _ZN11CMenuScreen5InputEjj
                0x000000000011cf10                _ZN11CMenuScreenC2Ev
                0x000000000011cfb0                _ZN11CMenuScreen8SetTitleEPc
                0x000000000011cfd0                _ZN11CMenuScreen7SetTextEiPc
                0x000000000011d1c0                _ZN11CMenuScreen4DrawEv
                0x000000000011cec8                _ZN11CMenuScreen10SetEntriesEPPc
                0x000000000011d3e8                _ZN11CMenuScreen7ProcessEv
 .text          0x000000000011d488      0x418 uiLog.o
                0x000000000011d700                _ZN10CLogScreen4DrawEv
                0x000000000011d860                _ZN10CLogScreen7ProcessEv
                0x000000000011d488                _ZN10CLogScreenC2Ev
                0x000000000011d4b0                _ZN10CLogScreenC1Ev
                0x000000000011d4d8                _ZN10CLogScreen10AddMessageEPc
                0x000000000011d868                _ZN10CLogScreen5InputEjj
 .text          0x000000000011d8a0      0x3b8 memcard.o
                0x000000000011dab8                _Z11MemCardInitv
                0x000000000011db08                _Z16MemCardWriteFilePcPhj
                0x000000000011da20                _Z19MemCardCheckNewCardv
                0x000000000011d8a0                _Z17MemCardCreateSavePcS_h
                0x000000000011dbb0                _Z15MemCardReadFilePcPhj
 .text          0x000000000011dc58       0xb0 emurom.o
                0x000000000011dcf0                _ZN7CEmuRom16GetRomRegionSizeEj
                0x000000000011dc88                _ZN7CEmuRomD2Ev
                0x000000000011dcf8                _ZN7CEmuRom10GetNumExtsEv
                0x000000000011dc70                _ZN7CEmuRomC1Ev
                0x000000000011dcd0                _ZN7CEmuRom7LoadRomEP7CDataIOPhj
                0x000000000011dce8                _ZN7CEmuRom16GetRomRegionNameEj
                0x000000000011dca8                _ZN7CEmuRomD0Ev
                0x000000000011dcd8                _ZN7CEmuRom6UnloadEv
                0x000000000011dd00                _ZN7CEmuRom10GetExtNameEj
                0x000000000011dce0                _ZN7CEmuRom16GetNumRomRegionsEv
                0x000000000011dc58                _ZN7CEmuRomC2Ev
                0x000000000011dc98                _ZN7CEmuRomD1Ev
 .text          0x000000000011dd08       0x78 emusys.o
                0x000000000011dd58                _ZN10CEmuSystemD0Ev
                0x000000000011dd08                _ZN10CEmuSystemC2Ev
                0x000000000011dd38                _ZN10CEmuSystemD2Ev
                0x000000000011dd20                _ZN10CEmuSystemC1Ev
                0x000000000011dd48                _ZN10CEmuSystemD1Ev
 .text          0x000000000011dd80      0x428 emumovie.o
                0x000000000011dfd8                _ZN13CEmuMovieClip11RecordFrameER12EmuSysInputT
                0x000000000011de60                _ZN13CEmuMovieClipD2Ev
                0x000000000011e150                _ZN13CEmuMovieClip9PlayFrameER12EmuSysInputT
                0x000000000011dd80                _ZN13CEmuMovieClipC2Ejj
                0x000000000011df88                _ZN13CEmuMovieClip9RecordEndEv
                0x000000000011de80                _ZN13CEmuMovieClipD1Ev
                0x000000000011ddf0                _ZN13CEmuMovieClipC1Ejj
                0x000000000011e030                _ZN13CEmuMovieClip9PlayBeginEP10CEmuSystem
                0x000000000011dea0                _ZN13CEmuMovieClip11RecordBeginEP10CEmuSystem
                0x000000000011e100                _ZN13CEmuMovieClip7PlayEndEv
 .text          0x000000000011e1a8      0xeb8 snstate.o
                0x000000000011eef0                _Z14SNStateCompareP10SnesStateTS0_
                0x000000000011ee50                _Z15_SNStateMemDiffPcPhS0_i
                0x000000000011e970                _ZN8SnesDMAC12RestoreStateEP12SNStateDMACT
                0x000000000011e7b0                _ZN7SNSpcIO9SaveStateEP13SNStateSPCIOT
                0x000000000011e1a8                _ZN10SnesSystem9SaveStateEPvi
                0x000000000011eba8                _ZN7SnesPPU12RestoreStateEP11SNStatePPUT
                0x000000000011e738                _ZN6SnesIO12RestoreStateEP10SNStateIOT
                0x000000000011edf8                _ZN11SNSpcDspMix9SaveStateEP14SNStateSPCDSPT
                0x000000000011edb0                _ZN8SNSpcDsp9SaveStateEP14SNStateSPCDSPT
                0x000000000011e870                _ZN7SNSpcIO12RestoreStateEP13SNStateSPCIOT
                0x000000000011e6c0                _ZN6SnesIO9SaveStateEP10SNStateIOT
                0x000000000011e9a0                _ZN7SnesPPU9SaveStateEP11SNStatePPUT
                0x000000000011e1d8                _ZN10SnesSystem12RestoreStateEPvi
                0x000000000011ee28                _ZN11SNSpcDspMix12RestoreStateEP14SNStateSPCDSPT
                0x000000000011e930                _ZN8SnesDMAC9SaveStateEP12SNStateDMACT
                0x000000000011e208                _ZN10SnesSystem12GetStateSizeEv
                0x000000000011e450                _ZN10SnesSystem12RestoreStateEP10SnesStateT
                0x000000000011edd8                _ZN8SNSpcDsp12RestoreStateEP14SNStateSPCDSPT
                0x000000000011e218                _ZN10SnesSystem9SaveStateEP10SnesStateT
 .text          0x000000000011f060     0x6880 sncpu_c.o
                0x000000000011faa8                SNCPUExecute_C
 .text          0x00000000001258e0      0x698 snrom.o
                0x0000000000125c90                _ZN7SnesRom16GetRomRegionNameEj
                0x0000000000125cc0                _ZN7SnesRom11GetRomTitleEv
                0x0000000000125cc8                _ZN7SnesRom7LoadRomEP7CDataIOPhj
                0x0000000000125948                _ZN7SnesRom15SNRomGetHdrTypeEP9SNRomHdrU
                0x0000000000125f48                _ZN7SnesRom10GetNumExtsEv
                0x0000000000125ae8                _ZN7SnesRom11GetCartInfoEj
                0x0000000000125ef8                _ZN7SnesRom6UnloadEv
                0x0000000000125a70                _ZN7SnesRomD1Ev
                0x0000000000125b18                _ZN7SnesRom11SetCartInfoEP10SNRomInfoT
                0x0000000000125ca8                _ZN7SnesRom16GetRomRegionSizeEj
                0x00000000001259a8                _ZN7SnesRomC2Ev
                0x0000000000125c88                _ZN7SnesRom16GetNumRomRegionsEv
                0x0000000000125f50                _ZN7SnesRom10GetExtNameEj
                0x0000000000125a38                _ZN7SnesRomD2Ev
                0x00000000001259f0                _ZN7SnesRomC1Ev
                0x0000000000125aa8                _ZN7SnesRomD0Ev
 .text          0x0000000000125f78      0x5d0 sndisasm.o
                0x00000000001264f8                SNDisasm
 .text          0x0000000000126548      0x4c0 snspcdisasm.o
                0x00000000001269c8                SNSPCDisasm
 .text          0x0000000000126a08     0x1180 sncpu.o
                0x0000000000127958                SNCPUExecuteDebug
                0x0000000000127418                SNCPUPop24
                0x0000000000126c80                SNCPUSetTrap
                0x0000000000126b88                SNCPUSetBank
                0x0000000000127810                SNCPUResetCounter
                0x0000000000127a80                SNCPUAbort
                0x0000000000127470                SNCPUNMI
                0x0000000000127240                SNCPUWrite16
                0x00000000001272f0                SNCPUPush16
                0x0000000000126f70                SNCPUPeekMem
                0x0000000000127338                SNCPUPush24
                0x0000000000126a28                SNCPUNew
                0x0000000000127548                SNCPUIRQ
                0x0000000000127298                SNCPUPush8
                0x0000000000127088                SNCPURead24
                0x0000000000127848                SNCPUExecute
                0x0000000000126d90                SNCPUSetMemSpeed
                0x0000000000127a20                SNCPUSetDebug
                0x0000000000126e68                SNCPUSetRomSpeed
                0x0000000000127630                SNCPUDisassemble
                0x0000000000127028                SNCPURead16
                0x0000000000127390                SNCPUPop8
                0x0000000000127ae0                SNCPUSignalNMI
                0x0000000000127aa0                SNCPUSignalIRQ
                0x0000000000126b58                SNCPUDelete
                0x0000000000126ae8                SNCPUReset
                0x0000000000126b60                SNCPUResetRegs
                0x0000000000126ab0                SNCPUResetCounters
                0x0000000000127820                SNCPUSetExecuteFunc
                0x00000000001273d0                SNCPUPop16
                0x00000000001270f8                SNCPUReadMem
                0x0000000000126fe0                SNCPURead8
                0x0000000000126f48                SNCPUPeek8
                0x00000000001278a0                SNCPUExecuteOne
                0x00000000001276a0                SNCPUDumpRegs
                0x0000000000127b48                SNCPUSignalDMA
                0x00000000001271e8                SNCPUWrite8
 .text          0x0000000000127b88      0x390 snio.o
                0x0000000000127ed8                _ZN6SnesIO10LatchInputEP12EmuSysInputT
                0x0000000000127e60                _ZN6SnesIOC2Ev
                0x0000000000127bd8                _ZN6SnesIO11ReadSerial0Ev
                0x0000000000127d58                _ZN6SnesIO11WriteSerialEh
                0x0000000000127b88                _ZN6SnesIO13ReadSerialPadEj
                0x0000000000127e80                _ZN6SnesIOC1Ev
                0x0000000000127ba0                _ZN6SnesIO14ShiftSerialPadEj
                0x0000000000127ea0                _ZN6SnesIO5ResetEv
                0x0000000000127c38                _ZN6SnesIO11ReadSerial1Ev
                0x0000000000127db8                _ZN6SnesIO13UpdateJoyPadsEv
 .text          0x0000000000127f18      0xef8 sndma.o
                0x0000000000128d68                _ZN8SnesDMAC11ProcessHDMAEv
                0x0000000000128588                _ZN8SnesDMAC17ProcessMDMAChFastEj
                0x0000000000128110                _ZN8SnesDMAC13SetMDMAEnableEh
                0x0000000000128120                _ZN8SnesDMAC17ProcessMDMAChReadEj
                0x0000000000128cd8                _ZN8SnesDMAC11ProcessMDMAEv
                0x0000000000128118                _ZN8SnesDMAC13SetHDMAEnableEh
                0x0000000000127f18                _ZN8SnesDMAC5Read8Ejj
                0x0000000000128800                _ZN8SnesDMAC13ProcessHDMAChEj
                0x0000000000128dd8                _ZN8SnesDMAC5ResetEv
                0x00000000001287c8                _ZN8SnesDMAC9BeginHDMAEv
                0x0000000000127ff0                _ZN8SnesDMAC6Write8Ejjh
                0x0000000000128280                _ZN8SnesDMAC12TransferDataEP10SnesDMAChTPhi
 .text          0x0000000000128e10      0xee0 snppu.o
                0x0000000000129a10                _ZN7SnesPPU8EndFrameEv
                0x0000000000129ab0                _ZN7SnesPPU4SyncEj
                0x00000000001291f0                _ZN7SnesPPU11ReadVMDATAHEv
                0x0000000000129a48                _ZN7SnesPPU12EnqueueWriteEjjh
                0x00000000001293a0                _ZN7SnesPPU12UpdateMatMulEv
                0x0000000000128ea0                _ZN7SnesPPU10ReadCGDATAEv
                0x0000000000129c00                _ZN7SnesPPU5ResetEv
                0x00000000001290b0                _ZN7SnesPPU13WriteVMDATALHEhh
                0x0000000000129cc8                _ZN7SnesPPUC1Ev
                0x0000000000129258                _ZN7SnesPPU12WriteOAMDATAEh
                0x0000000000129a00                _ZN7SnesPPU10BeginFrameEv
                0x0000000000129310                _ZN7SnesPPU11ReadOAMDATAEv
                0x0000000000128e10                _ZN7SnesPPU11WriteCGDATAEh
                0x00000000001293c8                _ZN7SnesPPU6Write8Ejh
                0x0000000000128f70                _ZN7SnesPPU12WriteVMDATALEh
                0x0000000000129188                _ZN7SnesPPU11ReadVMDATALEv
                0x0000000000129010                _ZN7SnesPPU12WriteVMDATAHEh
                0x0000000000129ca0                _ZN7SnesPPUC2Ev
 .text          0x0000000000129cf0     0x1970 snes.o
                0x000000000012b600                _ZN10SnesSystem9GetStringE13EmuSysStringE
                0x000000000012ae10                _ZN10SnesSystem9SoftResetEv
                0x000000000012b0d0                _ZN10SnesSystem14ExecuteWithIRQEiRi
                0x000000000012a828                _ZN10SnesSystemC2Ev
                0x000000000012b288                _ZN10SnesSystem12ExecuteFrameEP12EmuSysInputTP14CRenderSurfaceP10CMixBuffer11EmuSysModeE
                0x000000000012a6d0                _ZN10SnesSystem7ReadMemEP7SNCpu_tj
                0x000000000012b598                _ZN10SnesSystem12GetSRAMBytesEv
                0x000000000012a3e0                _ZN10SnesSystem9Write4000EP7SNCpu_tjh
                0x000000000012a718                _ZN10SnesSystem9WriteSRAMEP7SNCpu_tjh
                0x000000000012a750                _ZN10SnesSystem8ReadDSP1EP7SNCpu_tj
                0x000000000012acf8                _ZN10SnesSystem5ResetEv
                0x000000000012a6e0                _ZN10SnesSystem8ReadSRAMEP7SNCpu_tj
                0x000000000012af20                _ZN10SnesSystem10ExecuteCPUEi
                0x000000000012a150                _ZN10SnesSystem8Read4000EP7SNCpu_tj
                0x000000000012a6d8                _ZN10SnesSystem8WriteMemEP7SNCpu_tjh
                0x000000000012ae58                _ZN10SnesSystem6SetRomEP7CEmuRom
                0x000000000012a9f0                _ZN10SnesSystemC1Ev
                0x000000000012b178                _ZN10SnesSystem11ExecuteLineEv
                0x0000000000129d78                _ZN10SnesSystem8Read2000EP7SNCpu_tj
                0x000000000012ae78                _ZN10SnesSystem10SetSnesRomEP7SnesRom
                0x000000000012ac20                _ZN10SnesSystemD1Ev
                0x000000000012ac88                _ZN10SnesSystemD0Ev
                0x0000000000129f90                _ZN10SnesSystem9Write2000EP7SNCpu_tjh
                0x0000000000129cf0                _ZN10SnesSystem7SyncSPCEi
                0x000000000012b5c8                _ZN10SnesSystem11GetSRAMDataEv
                0x000000000012abb8                _ZN10SnesSystemD2Ev
                0x000000000012a7d0                _ZN10SnesSystem9WriteDSP1EP7SNCpu_tjh
 .text          0x000000000012b660       0x60 snesreg.o
                0x000000000012b6b8                _ZN11SnesReg16FT5ResetEv
                0x000000000012b660                _ZN11SnesReg16FT6Write8Eh
                0x000000000012b690                _ZN11SnesReg16FT5Read8Ev
 .text          0x000000000012b6c0     0x90a0 sn65816.o
                0x000000000012c008                SNCPUExecute_ASM
                0x0000000000133360                _SNCPU_OpTable
 .text          0x0000000000134760      0x410 snmemmap.o
                0x0000000000134a88                _ZN10SnesSystem6MapMemE13SNRomMappingEj
                0x0000000000134760                _ZN10SnesSystem6MapMemEP11SnesMemMapT
                0x0000000000134b48                _ZN10SnesSystem10SetSlowRomEv
                0x0000000000134b20                _ZN10SnesSystem10SetFastRomEv
 .text          0x0000000000134b70      0x5b0 snppucolor.o
                0x0000000000134dd0                _Z20SNPPUColorGetPalettev
                0x0000000000134d70                _Z23SNPPUColorConvert15to32t
                0x0000000000134d90                _Z19SNPPUColorSetColorsPKji
                0x0000000000134de0                _Z19SNPPUColorCalibratePK16SNPPUColorCalibT
 .text          0x0000000000135120      0xce0 snppublend_gs.o
                0x0000000000135210                _ZN12SNPPUBlendGS13UpdatePaletteEP15SNPPUBlendInfoTPtj
                0x00000000001356f8                _ZN12SNPPUBlendGS3EndEv
                0x0000000000135c68                _ZN12SNPPUBlendGSC2Ejj
                0x0000000000135628                _ZN12SNPPUBlendGS5BeginEP14CRenderSurface
                0x0000000000135dd0                _ZN12SNPPUBlendGS5ClearEP15SNPPUBlendInfoTi
                0x00000000001351a0                _ZN12SNPPUBlendGS18UpdatePaletteEntryEP15SNPPUBlendInfoTjjj
                0x0000000000135ca8                _ZN12SNPPUBlendGSC1Ejj
                0x0000000000135ce8                _ZN12SNPPUBlendGS4ExecEP15SNPPUBlendInfoTijP7SNMaskThj
 .text          0x0000000000135e00      0x770 snppurender.o
                0x0000000000135fe8                _ZN13SnesPPURender10RenderLineEi
                0x0000000000136500                _ZN13SnesPPURender9EndRenderEv
                0x00000000001360a8                _ZN13SnesPPURender12RenderLine32Eih
                0x0000000000136410                _ZN13SnesPPURender11BeginRenderEP14CRenderSurface
                0x0000000000136568                _ZN13SnesPPURender10UpdateVRAMEj
                0x0000000000136040                _ZN13SnesPPURender12RenderLine16Ei
                0x0000000000135f70                _Z10_DrawMask2PjP7SNMaskTS1_i
                0x0000000000136048                _ZN13SnesPPURender11UpdateCGRAMEjt
                0x0000000000135f10                _Z9_DrawMaskPjP7SNMaskTi
 .text          0x0000000000136570     0x2040 snppurender8.o
                0x0000000000136758                _Z11_ClearLine8PhS_ihj
                0x0000000000136788                _Z11_ClearLine8Phih
                0x0000000000138110                _Z16RenderLine8Mode7iP17SnesRender8pInfoT
                0x00000000001377b8                _ZN13SnesPPURender11RenderLine8EiP17SnesRender8pInfoT
 .text          0x00000000001385b0      0xe70 snppubg.o
                0x00000000001392c0                _ZN13SnesPPURender13DecodeWindowsEP7SNMaskTS1_
                0x0000000000138be8                _ZN13SnesPPURender13FetchBGOffsetEP11SnesBGInfoTP15SnesRenderTileTiiPtjh
                0x0000000000138f68                _ZN13SnesPPURender12DecodeBGInfoEP11SnesBGInfoT
                0x0000000000138d00                _ZN13SnesPPURender11FetchOffsetEP11SnesBGInfoTPtiRjh
                0x00000000001389c8                _ZN13SnesPPURender7FetchBGEP11SnesBGInfoTP15SnesRenderTileTiiRj
                0x0000000000138e00                _Z10_SetBGMaskP7SNMaskTS0_hh
 .text          0x0000000000139420      0x420 snppuobj.o
                0x0000000000139610                _ZN13SnesPPURender8CheckOBJEPhS0_iiS0_ii
                0x00000000001394e0                _Z10_DecodeOBJP11SnesPPUOBJTP14SnesRenderObjTiPhS3_
                0x0000000000139670                _ZN13SnesPPURender8CheckOBJEPhi
                0x00000000001395b0                _ZN13SnesPPURender8CheckOBJEP14SnesRenderObjTiiPhii
                0x00000000001397b0                _ZN13SnesPPURender9UpdateOBJEPhS0_
                0x00000000001396d8                _ZN13SnesPPURender19UpdateOBJVisibilityEPhS0_ii
                0x0000000000139420                _Z12_DecodeOBJEXPhP14SnesRenderObjTiS_
 .text          0x0000000000139840      0x130 snspctimer.o
                0x00000000001398c8                _Z19SNSpcTimerSetEnableP12SNSpcTimer_tih
                0x0000000000139940                _Z20SNSpcTimerGetCounterP12SNSpcTimer_ti
                0x0000000000139910                _Z18SNSpcTimerSetTimerP12SNSpcTimer_th
                0x0000000000139840                _Z15SNSpcTimerResetP12SNSpcTimer_tj
                0x0000000000139868                _Z14SNSpcTimerSyncP12SNSpcTimer_ti
 .text          0x0000000000139970      0x3b0 snspcio.o
                0x0000000000139bb0                _ZN7SNSpcIO10Write8TrapEP7SNSpc_tjh
                0x0000000000139970                _ZN7SNSpcIO12EnqueueWriteEjjh
                0x00000000001399d0                _ZN7SNSpcIO12SyncQueueAllEv
                0x0000000000139a28                _ZN7SNSpcIO5ResetEv
                0x0000000000139a88                _ZN7SNSpcIO9Read8TrapEP7SNSpc_tj
 .text          0x0000000000139d20     0x38b8 snspc_c.o
                0x000000000013a060                SNSPCExecute_C
 .text          0x000000000013d5d8      0x510 snspcdsp.o
                0x000000000013d5d8                _ZN8SNSpcDspC2Ev
                0x000000000013d5e8                _ZN8SNSpcDspC1Ev
                0x000000000013d778                _ZN8SNSpcDsp12GetSampleDirEhj
                0x000000000013d918                _ZN8SNSpcDsp4SyncEj
                0x000000000013d638                _ZN8SNSpcDsp6Write8Ejh
                0x000000000013d9a8                _ZN8SNSpcDsp4SyncEv
                0x000000000013d5f8                _ZN8SNSpcDsp5ResetEv
                0x000000000013da20                _ZN8SNSpcDsp11UpdateFlagsEP12ISNSpcDspMix
                0x000000000013d7b0                _ZN8SNSpcDsp5KeyOnEi
                0x000000000013d8b8                _ZN8SNSpcDsp12EnqueueWriteEjjh
                0x000000000013d840                _ZN8SNSpcDsp6KeyOffEi
                0x000000000013d768                _ZN8SNSpcDsp5Read8Ej
 .text          0x000000000013dae8     0x1638 snspcmix.o
                0x000000000013e438                _Z11_MixChannelPiS_PsPhPtiii
                0x000000000013e528                _Z15_MixChannelEchoPiS_PsS0_S0_PhPtiii
                0x000000000013e278                _ZN15SNSpcDspMixFull12OutputSampleEiPsPtii
                0x000000000013f080                _ZN17SNSpcDspMixSilent3MixEP10CMixBuffer
                0x000000000013e0a8                _ZN15SNSpcDspMixFull11OutputNoiseEPsPtii
                0x000000000013e178                _ZN15SNSpcDspMixFull10FetchBlockEi
                0x000000000013dd70                _ZN11SNSpcDspMix14OutputEnvelopeEiPhi
                0x000000000013dd08                _ZN11SNSpcDspMix6KeyOffEi
                0x000000000013ef50                _ZN17SNSpcDspMixSilent12OutputSampleEiii
                0x000000000013dd40                _ZN11SNSpcDspMix15GetChannelStateEiPhS0_
                0x000000000013dca8                _ZN11SNSpcDspMix5KeyOnEi
                0x000000000013dae8                _ZN11SNSpcDspMix17BuildLookupTablesEj
                0x000000000013e6c8                _Z8_MixEchoPsPiS_iii
                0x000000000013eec0                _ZN17SNSpcDspMixSilent10FetchBlockEi
                0x000000000013eac8                _ZN15SNSpcDspMixFull3MixEP10CMixBuffer
                0x000000000013e050                _ZN15SNSpcDspMixFull5ResetEv
                0x000000000013dc80                _ZN11SNSpcDspMix5ResetEv
                0x000000000013e968                _ZN15SNSpcDspMixFull10FilterEchoEPsS0_iih
 .text          0x000000000013f120      0x158 snspcbrr.o
                0x000000000013f240                SNSpcBRRClear
                0x000000000013f1a8                SNSpcBRRDecode
 .text          0x000000000013f278      0x788 snspc.o
                0x000000000013f5d8                SNSPCSetTrapFunc
                0x000000000013f678                SNSPCWrite16
                0x000000000013f968                SNSPCSetDebug
                0x000000000013f568                SNSPCReadMem
                0x000000000013f788                SNSPCResetCounter
                0x000000000013f448                SNSPCPeek8
                0x000000000013f5e8                SNSPCWrite8
                0x000000000013f9c8                SNSPCMemChecksum
                0x000000000013f2b0                SNSPCNew
                0x000000000013f458                SNSPCPeekMem
                0x000000000013f2a8                SNSPCSetSpeed
                0x000000000013f300                SNSPCResetRegs
                0x000000000013f320                SNSPCSetRomEnable
                0x000000000013f6f8                SNSPCExecuteToCycle
                0x000000000013f508                SNSPCRead16
                0x000000000013f4c8                SNSPCRead8
                0x000000000013f798                SNSPCDumpRegs
                0x000000000013f720                SNSPCExecute
                0x000000000013f6d0                SNSPCSetExecuteFunc
                0x000000000013f8b0                SNSPCExecuteDebug
                0x000000000013f3c8                SNSPCReset
                0x000000000013f2f8                SNSPCDelete
                0x000000000013f298                SNSPCResetCounters
 .text          0x000000000013fa00      0x2b0 snmask128.o
                0x000000000013fac8                _Z9SNMaskSHLP7SNMaskTPKhi
                0x000000000013fa68                _Z11SNMaskRightP7SNMaskTi
                0x000000000013fb50                _Z9SNMaskSHRP7SNMaskTPKhi
                0x000000000013fa00                _Z10SNMaskLeftP7SNMaskTi
                0x000000000013fbd0                _Z11SNMaskRangeP7SNMaskTjjb
 .text          0x000000000013fcb0       0x10 snspcrom.o
                0x000000000013fcb0                SNSpcRomGetRomData
 .text          0x000000000013fcc0      0x348 nesdisk.o
                0x000000000013ff38                _ZN7NesDisk9WriteByteEijh
                0x000000000013ffd8                _ZN7NesDisk13GetMapperNameEv
                0x000000000013fcc0                _ZN7NesDiskC2Ev
                0x000000000013fd50                _ZN7NesDisk7LoadRomEP7CDataIOPhj
                0x000000000013fe90                _ZN7NesDisk6UnloadEv
                0x000000000013fd08                _ZN7NesDiskC1Ev
                0x000000000013fff0                _ZN7NesDisk10GetExtNameEj
                0x000000000013fef8                _ZN7NesDisk8ReadByteEij
                0x000000000013ff78                _ZN7NesDisk16GetNumRomRegionsEv
                0x000000000013ffc8                _ZN7NesDisk16GetRomRegionSizeEj
                0x000000000013ff80                _ZN7NesDisk16GetRomRegionNameEj
                0x000000000013ffe8                _ZN7NesDisk10GetNumExtsEv
 .text          0x0000000000140008      0x120 nesio.o
                0x0000000000140028                _ZN5NesIOC1Ev
                0x0000000000140060                _ZN5NesIO10LatchInputEP12EmuSysInputT
                0x0000000000140048                _ZN5NesIO5ResetEv
                0x00000000001400e0                _ZN5NesIO6StrobeEj
                0x00000000001400f8                _ZN5NesIO4ReadEj
                0x0000000000140008                _ZN5NesIOC2Ev
 .text          0x0000000000140128      0xaa8 nesmmu.o
                0x0000000000140820                _ZN6NesMMU8Read5000Ej
                0x0000000000140818                _ZN6NesMMU9Write5000Ejh
                0x0000000000140480                _ZN6NesMMU11SetChrRom8KEj
                0x0000000000140560                _ZN6NesMMU9SetMirrorE13NesMMUMirrorE
                0x0000000000140830                _ZN6NesMMU9Write4000Ejh
                0x0000000000140848                _ZN6NesMMU9SaveStateEPh
                0x0000000000140800                _ZN6NesMMU13GetLatchTableEv
                0x00000000001402d0                _ZN6NesMMU12SetPrgRom32KEj
                0x00000000001401f0                _ZN6NesMMU11SetPrgRam8KEjj
                0x0000000000140858                _Z9NesMMUNew7NesMMUE
                0x0000000000140530                _ZN6NesMMU12SetNameTableEjj
                0x00000000001407f8                _ZN6NesMMU8ScanLineEi
                0x0000000000140340                _ZN6NesMMU11SetChrRom1KEjj
                0x0000000000140270                _ZN6NesMMU12SetPrgRom16KEjj
                0x0000000000140808                _ZN6NesMMU5LatchEt
                0x0000000000140850                _ZN6NesMMU12RestoreStateEPh
                0x0000000000140400                _ZN6NesMMU11SetChrRom4KEjj
                0x0000000000140ad8                _Z13NesMMUGetName7NesMMUE
                0x00000000001406d0                _ZN6NesMMU5ResetEv
                0x00000000001407d8                _ZN6NesMMU3IRQEv
                0x0000000000140838                _ZN6NesMMU8Read4000Ej
                0x0000000000140128                _ZN6NesMMUC2Ev
                0x0000000000140150                _ZN6NesMMUC1Ev
                0x0000000000140788                _ZN6NesMMU6SetROMEP6NesRom
                0x0000000000140810                _ZN6NesMMU5WriteEjh
                0x0000000000140178                _ZN6NesMMU11SetPrgRom8KEjj
 .text          0x0000000000140bd0      0x800 n6502.o
                0x0000000000140d58                N6502ResetRegs
                0x0000000000140e68                N6502SetDebug
                0x0000000000141128                N6502PushByte
                0x0000000000141168                N6502PopByte
                0x0000000000140d78                N6502Reset
                0x0000000000140f40                N6502SetTrap
                0x0000000000141060                N6502ReadMem
                0x0000000000141190                N6502NMI
                0x0000000000141278                N6502Disassemble
                0x0000000000140d50                N6502Delete
                0x00000000001411f8                N6502IRQ
                0x00000000001410d0                N6502WriteByte
                0x0000000000140fb0                N6502GetMemPtr
                0x0000000000140cd8                N6502New
                0x0000000000140fd0                N6502ReadByte
                0x0000000000140ee0                N6502SetBank
                0x0000000000140e40                N6502SetExecuteFunc
                0x00000000001412c8                N6502DumpRegs
                0x0000000000141000                N6502ReadWord
                0x0000000000140ec8                N6502SetBadOpcodeTrap
                0x0000000000140dc0                N6502Execute
 .text          0x00000000001413d0     0x1dd0 ncpu_c.o
                0x00000000001417d8                NCPUExecute_C
 .text          0x00000000001431a0      0x388 ndisasm.o
                0x0000000000143508                N6502DisasmOpcode
 .text          0x0000000000143528      0x1f8 nescpu.o
                0x0000000000143588                _ZN6NesCPUD1Ev
                0x0000000000143528                _ZN6NesCPUC2Ev
                0x00000000001435a8                _ZN6NesCPU10DumpDisasmEtj
                0x0000000000143630                _ZN6NesCPU8DumpRegsEv
                0x0000000000143548                _ZN6NesCPUC1Ev
                0x0000000000143568                _ZN6NesCPUD2Ev
 .text          0x0000000000143720      0x9e0 nesppu.o
                0x0000000000143b08                _ZN6NesPPU13LatchLineAddrEv
                0x0000000000143a78                _ZN6NesPPU13VramAddrFrameEv
                0x0000000000143bb8                _ZN6NesPPU13BeginScanLineEv
                0x0000000000143a00                _ZN6NesPPU9BGEnabledEv
                0x0000000000143ad8                _ZN6NesPPU14VramAddrReturnEv
                0x0000000000143ea0                _ZN6NesPPU9VramWriteEth
                0x0000000000143720                _ZN6NesPPUC2Ev
                0x0000000000143a98                _ZN6NesPPU12VramAddrNextEv
                0x00000000001440b8                _ZN6NesPPU8PalWriteEth
                0x0000000000143b70                _ZN6NesPPU8EndFrameEv
                0x0000000000143cd0                _ZN6NesPPU8RegWriteEjh
                0x0000000000144000                _ZN6NesPPU15SetNameTableROMEjPh
                0x00000000001439f0                _ZN6NesPPU10NMIEnabledEv
                0x0000000000143b40                _ZN6NesPPU11BeginVBlankEv
                0x0000000000143b60                _ZN6NesPPU9EndVBlankEv
                0x0000000000143c40                _ZN6NesPPU7RegReadEj
                0x0000000000143f60                _ZN6NesPPU8VramReadEt
                0x00000000001440f0                _ZN6NesPPU7PalReadEt
                0x00000000001438c0                _ZN6NesPPU5ResetEv
                0x0000000000143e90                _ZN6NesPPU8ObjWriteEhh
                0x0000000000143a10                _ZN6NesPPU10BeginFrameEP14CRenderSurface
                0x0000000000143f00                _ZN6NesPPU13VramReadLatchEt
                0x0000000000144058                _ZN6NesPPU12SetNameTableEjj
                0x0000000000143fb0                _ZN6NesPPU10VramMapRAMEjPh
                0x00000000001437f0                _ZN6NesPPUC1Ev
                0x0000000000143bc0                _ZN6NesPPU11EndScanLineEv
                0x0000000000143fd8                _ZN6NesPPU10VramMapROMEjPh
                0x0000000000143bd0                _ZN6NesPPU6ReadSREv
                0x0000000000143e88                _ZN6NesPPU10ObjSetAddrEh
 .text          0x0000000000144100      0xe40 nesppurender.o
                0x0000000000144c70                _ZN6NesPPU7ExecuteEi
                0x0000000000144218                _ZN6NesPPU17sBuildPlaneLookupEv
                0x0000000000144a00                _ZN6NesPPU8FetchOBJEv
                0x0000000000144f08                _ZN6NesPPU8NextLineEt
                0x0000000000144b90                _ZN6NesPPU8FetchBG2Ei
                0x0000000000144130                _ZN10NesScrollT7GetAddrEv
                0x0000000000144d08                _ZN6NesPPU10RenderLineEv
                0x00000000001441b0                _ZN10NesScrollT9NextBlockEv
                0x0000000000144160                _ZN10NesScrollT8NextLineEv
                0x0000000000144100                _ZN10NesScrollT7SetAddrEj
 .text          0x0000000000144f40      0x230 nespal.o
                0x0000000000145070                _Z20NesPalComposePaletteiP8Color32TS0_j
                0x0000000000145140                _Z14NesPalGenerateP8Color32Tff
                0x0000000000145118                _Z21NesPalGetStockPalette7NesPalE
 .text          0x0000000000145170      0x5c8 nesrom.o
                0x00000000001456f8                _ZN10NesFDSBios16GetRomRegionSizeEj
                0x00000000001452b0                _ZN6NesRomD0Ev
                0x0000000000145308                _ZN6NesRom7LoadRomEP7CDataIOPhj
                0x0000000000145570                _ZN6NesRom16GetRomRegionNameEj
                0x0000000000145260                _ZN6NesRomD1Ev
                0x0000000000145210                _ZN6NesRomD2Ev
                0x00000000001456e0                _ZN10NesFDSBios16GetRomRegionNameEj
                0x00000000001456d8                _ZN10NesFDSBios16GetNumRomRegionsEv
                0x00000000001455f0                _ZN6NesRom10GetExtNameEj
                0x0000000000145528                _ZN6NesRom6UnloadEv
                0x0000000000145718                _ZN10NesFDSBios10GetNumExtsEv
                0x00000000001451c0                _ZN6NesRomC1Ev
                0x0000000000145170                _ZN6NesRomC2Ev
                0x0000000000145710                _ZN10NesFDSBios13GetMapperNameEv
                0x00000000001455e8                _ZN6NesRom10GetNumExtsEv
                0x0000000000145720                _ZN10NesFDSBios10GetExtNameEj
                0x0000000000145608                _ZN10NesFDSBios7LoadRomEP7CDataIOPhj
                0x0000000000145568                _ZN6NesRom16GetNumRomRegionsEv
                0x00000000001455c8                _ZN6NesRom13GetMapperNameEv
                0x0000000000145598                _ZN6NesRom16GetRomRegionSizeEj
 .text          0x0000000000145738     0x14e0 nesspu.o
                0x0000000000145f90                _ZN9NesSPUDMC8IsActiveEv
                0x0000000000146230                _ZN6NesSPUD1Ev
                0x0000000000145a88                _ZN12NesSPUSquare9GetOutputEv
                0x0000000000145dd8                _ZN11NesSPUNoise6UpdateEj
                0x00000000001457a8                _ZN13NesSPUChannel6EnableEv
                0x0000000000146760                _ZN12CNesDMCQueue7EnqueueEjh
                0x0000000000145738                _ZN13NesSPUChannelC2Ev
                0x00000000001460b8                _ZN6NesSPU10DMCExecuteEj
                0x0000000000145788                _ZN13NesSPUChannel5ResetEv
                0x0000000000146628                _ZN6NesSPU6UpdateEj
                0x0000000000146238                _ZN6NesSPU8RegWriteEjh
                0x0000000000145cb8                _ZN14NesSPUTriangle9GetOutputEv
                0x0000000000145fb0                _ZN9NesSPUDMC6DmaBitEP6NesCPU
                0x0000000000146860                _ZN6NesSPU7ProcessEP12CNesSPUMixerP10CMixBuffer
                0x0000000000146178                _ZN6NesSPUC2Ev
                0x0000000000146748                _ZN12CNesDMCQueue5ResetEv
                0x0000000000145e60                _ZN11NesSPUNoise9GetOutputEv
                0x00000000001467a8                _ZN6NesSPU10BeginFrameEv
                0x0000000000146388                _ZN6NesSPU5WriteEjhj
                0x0000000000146228                _ZN6NesSPUD2Ev
                0x0000000000145958                _ZN12NesSPUSquare6UpdateEj
                0x0000000000145d10                _ZN11NesSPUNoise8RegWriteEhh
                0x0000000000145f70                _ZN9NesSPUDMC5ResetEv
                0x0000000000145f10                _ZN9NesSPUDMC6EnableEv
                0x00000000001461d0                _ZN6NesSPUC1Ev
                0x00000000001464c0                _ZN6NesSPU7RegReadEj
                0x0000000000145e98                _ZN9NesSPUDMC8RegWriteEhh
                0x00000000001467b8                _ZN6NesSPU8EndFrameEv
                0x00000000001465a8                _ZN6NesSPU5ResetEv
                0x0000000000145b08                _ZN14NesSPUTriangle13SetLinearModeEj
                0x0000000000145c68                _ZN14NesSPUTriangle6UpdateEj
                0x0000000000145858                _ZN12NesSPUSquare8RegWriteEhh
                0x00000000001464a0                _ZN6NesSPU4ReadEjj
                0x0000000000145f60                _ZN9NesSPUDMC7DisableEv
                0x0000000000146680                _ZN6NesSPU3MixEP12CNesSPUMixerPsii
                0x00000000001457b8                _ZN13NesSPUChannel7DisableEv
                0x00000000001457c8                _ZN12NesSPUSquareC2Ei
                0x0000000000145810                _ZN12NesSPUSquareC1Ei
                0x0000000000145760                _ZN13NesSPUChannelC1Ev
                0x0000000000145b30                _ZN14NesSPUTriangle8RegWriteEhh
 .text          0x0000000000146c18      0x7e8 nesspumix.o
                0x0000000000146e50                _ZN12NesSPUSquare3MixEP12CNesSPUMixerPsif
                0x0000000000146f98                _ZN14NesSPUTriangle3MixEP12CNesSPUMixerPsif
                0x0000000000147140                _ZN11NesSPUNoise3MixEP12CNesSPUMixerPsifi
                0x0000000000146c40                _ZN12CNesSPUMixer9SetVolumeEi
                0x00000000001472c8                _ZN9NesSPUDMC4Mix2EP12CNesSPUMixerPsif
                0x00000000001473e0                _ZN12CNesSPUMixerC1Ev
                0x00000000001473c0                _ZN12CNesSPUMixerC2Ev
                0x0000000000147308                _ZN9NesSPUDMC3MixEP12CNesSPUMixerPsiP12CNesDMCQueuej
 .text          0x0000000000147400      0xab0 nesstate.o
                0x0000000000147e60                _ZN5NesIO9SaveStateEP11NesStateIOT
                0x0000000000147710                _ZN6NesCPU12RestoreStateEP12NesStateCPUT
                0x0000000000147468                _ZN9NesSystem9SaveStateEP9NesStateT
                0x0000000000147460                _ZN9NesSystem12GetStateSizeEv
                0x0000000000147530                _ZN9NesSystem12RestoreStateEP9NesStateT
                0x0000000000147738                _ZN6NesCPU9SaveStateEP12NesStateCPUT
                0x00000000001478d0                _ZN6NesSPU9SaveStateEP12NesStateSPUT
                0x0000000000147688                _ZN6NesPPU12RestoreStateEP12NesStatePPUT
                0x00000000001475f8                _ZN6NesPPU9SaveStateEP12NesStatePPUT
                0x0000000000147430                _ZN9NesSystem12RestoreStateEPvi
                0x0000000000147b98                _ZN6NesSPU12RestoreStateEP12NesStateSPUT
                0x00000000001477e8                _ZN6NesMMU12RestoreStateEP12NesStateMMUT
                0x0000000000147400                _ZN9NesSystem9SaveStateEPvi
                0x0000000000147e88                _ZN5NesIO12RestoreStateEP11NesStateIOT
                0x0000000000147770                _ZN6NesMMU9SaveStateEP12NesStateMMUT
 .text          0x0000000000147eb0      0xee8 nes.o
                0x0000000000148580                _ZN9NesSystem8ResetCPUEh
                0x0000000000148430                _ZN9NesSystem6SetRomEP7CEmuRom
                0x00000000001482b8                _ZN9NesSystemD1Ev
                0x0000000000148a80                _ZN9NesSystem9BadOpcodeEt
                0x0000000000148200                _ZN9NesSystemD2Ev
                0x0000000000148cd8                _ZN9NesSystem12GetSRAMBytesEv
                0x0000000000148748                _ZN9NesSystem5ResetEv
                0x00000000001488d8                _ZN9NesSystem11ExecuteLineEv
                0x0000000000148d38                _ZN9NesSystem9GetStringE13EmuSysStringE
                0x0000000000148b90                _ZN9NesSystem9WriteTrapEjh
                0x00000000001487b0                _ZN9NesSystem9SoftResetEv
                0x0000000000148560                _ZN9NesSystem10SetNesDiskEP7NesDisk
                0x0000000000148450                _ZN9NesSystem9SetNesRomEP6NesRom
                0x0000000000148110                _ZN9NesSystemC1Ev
                0x0000000000148ae0                _ZN9NesSystem8ReadTrapEj
                0x0000000000148370                _ZN9NesSystemD0Ev
                0x0000000000148d08                _ZN9NesSystem11GetSRAMDataEv
                0x0000000000148920                _ZN9NesSystem12ExecuteFrameEP12EmuSysInputTP14CRenderSurfaceP10CMixBuffer11EmuSysModeE
                0x0000000000148020                _ZN9NesSystemC2Ev
                0x00000000001487f8                _ZN9NesSystem17ExecuteRasterLineEv
 .text          0x0000000000148d98     0x1430 /dev/ps2dev/ps2lib/dev/ee/lib/libmc.a(libmc.o)
                0x00000000001496a8                mcFlush
                0x00000000001492f0                mcClose
                0x00000000001490d0                mcGetInfo
                0x0000000000149f80                mcChangeThreadPriority
                0x0000000000149c00                mcFormat
                0x0000000000149cc0                mcUnformat
                0x0000000000148f50                mcInit
                0x00000000001493a8                mcSeek
                0x000000000014a128                strcpy_sjis
                0x0000000000149e60                mcRename
                0x0000000000149b20                mcDelete
                0x0000000000149d80                mcGetEntSpace
                0x000000000014a038                mcSync
                0x0000000000149470                mcRead
                0x0000000000149790                mcChdir
                0x0000000000149568                mcWrite
                0x00000000001499a8                mcSetFileInfo
                0x0000000000149210                mcOpen
                0x0000000000149760                mcMkDir
                0x0000000000149898                mcGetDir
 .text          0x000000000014a1c8      0xc48 /dev/ps2dev/ps2lib/dev/ee/lib/libpad.a(libpad.o)
                0x000000000014aa40                padEnterPressMode
                0x000000000014aa80                padGetButtonMask
                0x000000000014ac80                padSetActAlign
                0x000000000014aa60                padExitPressMode
                0x000000000014a890                padInfoMode
                0x000000000014a230                padInit
                0x000000000014ae08                padGetConnection
                0x000000000014a758                padReqStateInt2String
                0x000000000014ad60                padSetActDirect
                0x000000000014aa10                padInfoPressMode
                0x000000000014a6e0                padSetReqState
                0x000000000014a710                padStateInt2String
                0x000000000014a410                padPortOpen
                0x000000000014abb8                padInfoAct
                0x000000000014a950                padSetMainMode
                0x000000000014ab00                padSetButtonInfo
                0x000000000014a548                padPortClose
                0x000000000014a600                padRead
                0x000000000014a390                padEnd
                0x000000000014a7a0                padGetPortMax
                0x000000000014a648                padGetState
                0x000000000014a810                padGetSlotMax
                0x000000000014a888                padGetModVersion
                0x000000000014a6c0                padGetReqState
 .text          0x000000000014ae10      0x958 /dev/ps2dev/ps2net/dev/ps2ip/ee/lib/libps2ip.a(ps2ipc.o)
                0x000000000014b200                recv
                0x000000000014b068                connect
                0x000000000014b6d0                ps2ip_getconfig
                0x000000000014b2d8                recvfrom
                0x000000000014b5c8                socket
                0x000000000014b3e0                send
                0x000000000014ae10                ps2ip_init
                0x000000000014aeb0                accept
                0x000000000014af68                bind
                0x000000000014aff8                disconnect
                0x000000000014b648                ps2ip_setconfig
                0x000000000014b4c0                sendto
                0x000000000014b0f8                listen
 .text          0x000000000014b768       0xac /dev/ps2dev/ps2lib/dev/ee/lib/libkernel.a(memcpy.o)
                0x000000000014b768                memcpy
 .text          0x000000000014b814       0xac /dev/ps2dev/ps2lib/dev/ee/lib/libkernel.a(memset.o)
                0x000000000014b814                memset
 .text          0x000000000014b8c0      0x12c /dev/ps2dev/ps2lib/dev/ee/lib/libkernel.a(strcat.o)
                0x000000000014b8c0                strcat
 *fill*         0x000000000014b9ec        0x4 00
 .text          0x000000000014b9f0      0x1b8 /dev/ps2dev/ps2lib/dev/ee/lib/libkernel.a(strncmp.o)
                0x000000000014b9f0                strncmp
 .text          0x000000000014bba8       0x94 /dev/ps2dev/ps2lib/dev/ee/lib/libkernel.a(memcmp.o)
                0x000000000014bba8                memcmp
 .text          0x000000000014bc3c       0xfc /dev/ps2dev/ps2lib/dev/ee/lib/libkernel.a(memmove.o)
                0x000000000014bc3c                memmove
 .text          0x000000000014bd38      0x110 /dev/ps2dev/ps2lib/dev/ee/lib/libkernel.a(strcpy.o)
                0x000000000014bd38                strcpy
 .text          0x000000000014be48      0x1b8 /dev/ps2dev/ps2lib/dev/ee/lib/libkernel.a(strncpy.o)
                0x000000000014be48                strncpy
 .text          0x000000000014c000      0x138 /dev/ps2dev/ps2lib/dev/ee/lib/libkernel.a(strlen.o)
                0x000000000014c000                strlen
 .text          0x000000000014c138      0x190 /dev/ps2dev/ps2lib/dev/ee/lib/libkernel.a(strchr.o)
                0x000000000014c138                strchr
 .text          0x000000000014c2c8      0x144 /dev/ps2dev/ps2lib/dev/ee/lib/libkernel.a(strcmp.o)
                0x000000000014c2c8                strcmp
 *fill*         0x000000000014c40c        0x4 00
 .text          0x000000000014c410      0x128 /dev/ps2dev/ps2lib/dev/ee/lib/libkernel.a(SifBindRpc.o)
                0x000000000014c410                SifBindRpc
 .text          0x000000000014c538      0x1b8 /dev/ps2dev/ps2lib/dev/ee/lib/libkernel.a(SifCallRpc.o)
                0x000000000014c538                SifCallRpc
 .text          0x000000000014c6f0       0xd0 /dev/ps2dev/ps2lib/dev/ee/lib/libkernel.a(SifRegisterRpc.o)
                0x000000000014c6f0                SifRegisterRpc
 .text          0x000000000014c7c0       0xa8 /dev/ps2dev/ps2lib/dev/ee/lib/libkernel.a(SifSetRpcQueue.o)
                0x000000000014c7c0                SifSetRpcQueue
 .text          0x000000000014c868       0x58 /dev/ps2dev/ps2lib/dev/ee/lib/libkernel.a(SifGetNextRequest.o)
                0x000000000014c868                SifGetNextRequest
 .text          0x000000000014c8c0      0x1d0 /dev/ps2dev/ps2lib/dev/ee/lib/libkernel.a(SifExecRequest.o)
                0x000000000014c900                SifExecRequest
 .text          0x000000000014ca90      0x428 /dev/ps2dev/ps2lib/dev/ee/lib/libkernel.a(SifRpcMain.o)
                0x000000000014cd48                SifInitRpc
                0x000000000014ce90                SifExitRpc
 .text          0x000000000014ceb8       0xc0 /dev/ps2dev/ps2lib/dev/ee/lib/libkernel.a(_rpc_get_packet.o)
                0x000000000014ceb8                _rpc_get_packet
 .text          0x000000000014cf78       0x30 /dev/ps2dev/ps2lib/dev/ee/lib/libkernel.a(_rpc_get_fpacket.o)
                0x000000000014cf78                _rpc_get_fpacket
 .text          0x000000000014cfa8       0x30 /dev/ps2dev/ps2lib/dev/ee/lib/libkernel.a(SifCheckStatRpc.o)
                0x000000000014cfa8                SifCheckStatRpc
 *fill*         0x000000000014cfd8        0x8 00
 .text          0x000000000014cfe0       0x10 /dev/ps2dev/ps2lib/dev/ee/lib/libkernel.a(SetVTLBRefillHandler.o)
                0x000000000014cfe0                SetVTLBRefillHandler
 .text          0x000000000014cff0       0x10 /dev/ps2dev/ps2lib/dev/ee/lib/libkernel.a(SetVCommonHandler.o)
                0x000000000014cff0                SetVCommonHandler
 .text          0x000000000014d000       0x10 /dev/ps2dev/ps2lib/dev/ee/lib/libkernel.a(GetThreadId.o)
                0x000000000014d000                GetThreadId
 .text          0x000000000014d010       0x10 /dev/ps2dev/ps2lib/dev/ee/lib/libkernel.a(SleepThread.o)
                0x000000000014d010                SleepThread
 .text          0x000000000014d020       0x10 /dev/ps2dev/ps2lib/dev/ee/lib/libkernel.a(iWakeupThread.o)
                0x000000000014d020                iWakeupThread
 .text          0x000000000014d030       0x10 /dev/ps2dev/ps2lib/dev/ee/lib/libkernel.a(CreateSema.o)
                0x000000000014d030                CreateSema
 .text          0x000000000014d040       0x10 /dev/ps2dev/ps2lib/dev/ee/lib/libkernel.a(DeleteSema.o)
                0x000000000014d040                DeleteSema
 .text          0x000000000014d050       0x10 /dev/ps2dev/ps2lib/dev/ee/lib/libkernel.a(iSignalSema.o)
                0x000000000014d050                iSignalSema
 .text          0x000000000014d060       0x10 /dev/ps2dev/ps2lib/dev/ee/lib/libkernel.a(SignalSema.o)
                0x000000000014d060                SignalSema
 .text          0x000000000014d070       0x10 /dev/ps2dev/ps2lib/dev/ee/lib/libkernel.a(WaitSema.o)
                0x000000000014d070                WaitSema
 .text          0x000000000014d080       0x10 /dev/ps2dev/ps2lib/dev/ee/lib/libkernel.a(FlushCache.o)
                0x000000000014d080                FlushCache
 .text          0x000000000014d090       0x10 /dev/ps2dev/ps2lib/dev/ee/lib/libkernel.a(SifDmaStat.o)
                0x000000000014d090                SifDmaStat
 .text          0x000000000014d0a0       0x10 /dev/ps2dev/ps2lib/dev/ee/lib/libkernel.a(SifSetDma.o)
                0x000000000014d0a0                SifSetDma
 .text          0x000000000014d0b0       0x10 /dev/ps2dev/ps2lib/dev/ee/lib/libkernel.a(SifSetReg.o)
                0x000000000014d0b0                SifSetReg
 .text          0x000000000014d0c0       0x10 /dev/ps2dev/ps2lib/dev/ee/lib/libkernel.a(SifGetReg.o)
                0x000000000014d0c0                SifGetReg
 .text          0x000000000014d0d0       0xb0 /dev/ps2dev/ps2lib/dev/ee/lib/libkernel.a(SifWriteBackDCache.o)
                0x000000000014d0d0                SifWriteBackDCache
 .text          0x000000000014d180       0x10 /dev/ps2dev/ps2lib/dev/ee/lib/libkernel.a(__errno.o)
                0x000000000014d180                __errno
 .text          0x000000000014d190       0x30 /dev/ps2dev/ps2lib/dev/ee/lib/libkernel.a(fio_exit.o)
                0x000000000014d190                fioExit
 .text          0x000000000014d1c0       0xd8 /dev/ps2dev/ps2lib/dev/ee/lib/libkernel.a(fio_open.o)
                0x000000000014d1c0                fioOpen
 .text          0x000000000014d298       0x90 /dev/ps2dev/ps2lib/dev/ee/lib/libkernel.a(fio_close.o)
                0x000000000014d298                fioClose
 .text          0x000000000014d328      0x128 /dev/ps2dev/ps2lib/dev/ee/lib/libkernel.a(fio_read.o)
                0x000000000014d328                fioRead
 .text          0x000000000014d450      0x120 /dev/ps2dev/ps2lib/dev/ee/lib/libkernel.a(fio_write.o)
                0x000000000014d450                fioWrite
 .text          0x000000000014d570       0xb0 /dev/ps2dev/ps2lib/dev/ee/lib/libkernel.a(fio_lseek.o)
                0x000000000014d570                fioLseek
 .text          0x000000000014d620       0xa0 /dev/ps2dev/ps2lib/dev/ee/lib/libkernel.a(fio_mkdir.o)
                0x000000000014d620                fioMkdir
 .text          0x000000000014d6c0       0x88 /dev/ps2dev/ps2lib/dev/ee/lib/libkernel.a(_fio_read_intr.o)
                0x000000000014d6c0                _fio_read_intr
 .text          0x000000000014d748       0xa0 /dev/ps2dev/ps2lib/dev/ee/lib/libkernel.a(fio_dopen.o)
                0x000000000014d748                fioDopen
 .text          0x000000000014d7e8       0x90 /dev/ps2dev/ps2lib/dev/ee/lib/libkernel.a(fio_dclose.o)
                0x000000000014d7e8                fioDclose
 .text          0x000000000014d878       0xc8 /dev/ps2dev/ps2lib/dev/ee/lib/libkernel.a(fio_dread.o)
                0x000000000014d878                fioDread
 .text          0x000000000014d940       0xa0 /dev/ps2dev/ps2lib/dev/ee/lib/libkernel.a(fio_remove.o)
                0x000000000014d940                fioRemove
 .text          0x000000000014d9e0       0xa0 /dev/ps2dev/ps2lib/dev/ee/lib/libkernel.a(fio_rmdir.o)
                0x000000000014d9e0                fioRmdir
 .text          0x000000000014da80       0x30 /dev/ps2dev/ps2lib/dev/ee/lib/libkernel.a(SifLoadFileExit.o)
                0x000000000014da80                SifLoadFileExit
 .text          0x000000000014dab0       0x20 /dev/ps2dev/ps2lib/dev/ee/lib/libkernel.a(SifLoadModule.o)
                0x000000000014dab0                SifLoadModule
 .text          0x000000000014dad0       0x20 /dev/ps2dev/ps2lib/dev/ee/lib/libkernel.a(SifLoadModuleBuffer.o)
                0x000000000014dad0                SifLoadModuleBuffer
 .text          0x000000000014daf0       0x10 /dev/ps2dev/ps2lib/dev/ee/lib/libkernel.a(SifExitIopHeap.o)
                0x000000000014daf0                SifExitIopHeap
 .text          0x000000000014db00       0x80 /dev/ps2dev/ps2lib/dev/ee/lib/libkernel.a(SifAllocIopHeap.o)
                0x000000000014db00                SifAllocIopHeap
 .text          0x000000000014db80       0x88 /dev/ps2dev/ps2lib/dev/ee/lib/libkernel.a(SifFreeIopHeap.o)
                0x000000000014db80                SifFreeIopHeap