Archive member included because of file (symbol)

/dev/ps2dev/ps2lib/dev/ee/lib/libmc.a(libmc.o)
                              memcard.o (mcInit)
/dev/ps2dev/ps2lib/dev/ee/lib/libpad.a(libpad.o)
                              mainloop.o (padInit)
/dev/ps2dev/ps2net/dev/ps2ip/ee/lib/libps2ip.a(ps2ipc.o)
                              mainloop.o (ps2ip_init)
/dev/ps2dev/ps2lib/dev/ee/lib/libkernel.a(memcpy.o)
                              array.o (memcpy)
/dev/ps2dev/ps2lib/dev/ee/lib/libkernel.a(memset.o)
                              array.o (memset)
/dev/ps2dev/ps2lib/dev/ee/lib/libkernel.a(strcat.o)
                              main.o (strcat)
/dev/ps2dev/ps2lib/dev/ee/lib/libkernel.a(strncmp.o)
                              titleman.o (strncmp)
/dev/ps2dev/ps2lib/dev/ee/lib/libkernel.a(memcmp.o)
                              mainloop.o (memcmp)
/dev/ps2dev/ps2lib/dev/ee/lib/libkernel.a(memmove.o)
                              array.o (memmove)
/dev/ps2dev/ps2lib/dev/ee/lib/libkernel.a(strcpy.o)
                              main.o (strcpy)
/dev/ps2dev/ps2lib/dev/ee/lib/libkernel.a(strncpy.o)
                              cdvd_rpc.o (strncpy)
/dev/ps2dev/ps2lib/dev/ee/lib/libkernel.a(strlen.o)
                              main.o (strlen)
/dev/ps2dev/ps2lib/dev/ee/lib/libkernel.a(strchr.o)
                              mainloop.o (strchr)
/dev/ps2dev/ps2lib/dev/ee/lib/libkernel.a(strcmp.o)
                              unzip.o (strcmp)
/dev/ps2dev/ps2lib/dev/ee/lib/libkernel.a(SifBindRpc.o)
                              cd.o (SifBindRpc)
/dev/ps2dev/ps2lib/dev/ee/lib/libkernel.a(SifCallRpc.o)
                              cd.o (SifCallRpc)
/dev/ps2dev/ps2lib/dev/ee/lib/libkernel.a(SifRegisterRpc.o)
                              netplay_ee.o (SifRegisterRpc)
/dev/ps2dev/ps2lib/dev/ee/lib/libkernel.a(SifSetRpcQueue.o)
                              netplay_ee.o (SifSetRpcQueue)
/dev/ps2dev/ps2lib/dev/ee/lib/libkernel.a(SifGetNextRequest.o)
                              netplay_ee.o (SifGetNextRequest)
/dev/ps2dev/ps2lib/dev/ee/lib/libkernel.a(SifExecRequest.o)
                              netplay_ee.o (SifExecRequest)
/dev/ps2dev/ps2lib/dev/ee/lib/libkernel.a(SifRpcMain.o)
                              /dev/ps2dev/ps2lib/dev/ee/lib/libkernel.a(SifBindRpc.o) (_sif_rpc_data)
/dev/ps2dev/ps2lib/dev/ee/lib/libkernel.a(_rpc_get_packet.o)
                              /dev/ps2dev/ps2lib/dev/ee/lib/libkernel.a(SifBindRpc.o) (_rpc_get_packet)
/dev/ps2dev/ps2lib/dev/ee/lib/libkernel.a(_rpc_get_fpacket.o)
                              /dev/ps2dev/ps2lib/dev/ee/lib/libkernel.a(SifExecRequest.o) (_rpc_get_fpacket)
/dev/ps2dev/ps2lib/dev/ee/lib/libkernel.a(SifCheckStatRpc.o)
                              /dev/ps2dev/ps2lib/dev/ee/lib/libmc.a(libmc.o) (SifCheckStatRpc)
/dev/ps2dev/ps2lib/dev/ee/lib/libkernel.a(SetVTLBRefillHandler.o)
                              excepHandler.o (SetVTLBRefillHandler)
/dev/ps2dev/ps2lib/dev/ee/lib/libkernel.a(SetVCommonHandler.o)
                              excepHandler.o (SetVCommonHandler)
/dev/ps2dev/ps2lib/dev/ee/lib/libkernel.a(GetThreadId.o)
                              netplay_ee.o (GetThreadId)
/dev/ps2dev/ps2lib/dev/ee/lib/libkernel.a(SleepThread.o)
                              excepHandler.o (SleepThread)
/dev/ps2dev/ps2lib/dev/ee/lib/libkernel.a(iWakeupThread.o)
                              /dev/ps2dev/ps2lib/dev/ee/lib/libkernel.a(SifRpcMain.o) (iWakeupThread)
/dev/ps2dev/ps2lib/dev/ee/lib/libkernel.a(CreateSema.o)
                              sjpcm_rpc.o (CreateSema)
/dev/ps2dev/ps2lib/dev/ee/lib/libkernel.a(DeleteSema.o)
                              /dev/ps2dev/ps2lib/dev/ee/lib/libkernel.a(SifBindRpc.o) (DeleteSema)
/dev/ps2dev/ps2lib/dev/ee/lib/libkernel.a(iSignalSema.o)
                              sjpcm_rpc.o (iSignalSema)
/dev/ps2dev/ps2lib/dev/ee/lib/libkernel.a(SignalSema.o)
                              sjpcm_rpc.o (SignalSema)
/dev/ps2dev/ps2lib/dev/ee/lib/libkernel.a(WaitSema.o)
                              sjpcm_rpc.o (WaitSema)
/dev/ps2dev/ps2lib/dev/ee/lib/libkernel.a(FlushCache.o)
                              main.o (FlushCache)
/dev/ps2dev/ps2lib/dev/ee/lib/libkernel.a(SifDmaStat.o)
                              sjpcm_rpc.o (SifDmaStat)
/dev/ps2dev/ps2lib/dev/ee/lib/libkernel.a(SifSetDma.o)
                              sjpcm_rpc.o (SifSetDma)
/dev/ps2dev/ps2lib/dev/ee/lib/libkernel.a(SifSetReg.o)
                              /dev/ps2dev/ps2lib/dev/ee/lib/libkernel.a(SifRpcMain.o) (SifSetReg)
/dev/ps2dev/ps2lib/dev/ee/lib/libkernel.a(SifGetReg.o)
                              /dev/ps2dev/ps2lib/dev/ee/lib/libkernel.a(SifRpcMain.o) (SifGetReg)
/dev/ps2dev/ps2lib/dev/ee/lib/libkernel.a(SifWriteBackDCache.o)
                              libxpad.o (SifWriteBackDCache)
/dev/ps2dev/ps2lib/dev/ee/lib/libkernel.a(__errno.o)
                              gzio.o (__errno)
/dev/ps2dev/ps2lib/dev/ee/lib/libkernel.a(errno.o)
[...]
Memory Configuration

Name             Origin             Length             Attributes
*default*        0x0000000000000000 0xffffffffffffffff

Linker script and memory map

LOAD crt0.o
LOAD main.o
LOAD excepHandler.o
LOAD exceptions.o
LOAD array.o
LOAD file.o
LOAD surface.o
LOAD rendersurface.o
LOAD pixelformat.o
LOAD memspace.o
LOAD inputdevice.o
LOAD console.o
LOAD bmpfile.o
LOAD mixbuffer.o
LOAD wavfile.o
LOAD dataio.o
LOAD pathext.o
LOAD adler32.o
LOAD compress.o
LOAD crc32.o
LOAD deflate.o
LOAD gzio.o
LOAD infblock.o
LOAD infcodes.o
LOAD inffast.o
LOAD inflate.o
LOAD inftrees.o
LOAD infutil.o
LOAD trees.o
LOAD uncompr.o
LOAD zutil.o
LOAD explode.o
LOAD unreduce.o
LOAD unshrink.o
LOAD unzip.o
LOAD prof.o
LOAD proflog.o
LOAD profctr.o
LOAD poly.o
LOAD cd.o
LOAD gs.o
LOAD hw.o
LOAD gpfifo.o
LOAD libxpad.o
LOAD libxmtap.o
LOAD sjpcm_rpc.o
LOAD cdvd_rpc.o
LOAD ps2dma.o
LOAD mcsave_ee.o
LOAD sjpcmbuffer.o
LOAD gslist.o
LOAD gpprim.o
LOAD vram.o
LOAD titleman.o
LOAD netplay_ee.o
LOAD font.o
LOAD texture.o
LOAD font_04b16b.o
LOAD input.o
LOAD version.o
LOAD mainloop.o
LOAD uiBrowser.o
LOAD uiNetwork.o
LOAD uiMenu.o
LOAD uiLog.o
LOAD memcard.o
LOAD emurom.o
LOAD emusys.o
LOAD emumovie.o
LOAD snstate.o
LOAD sncpu_c.o
LOAD snrom.o
LOAD sndisasm.o
LOAD snspcdisasm.o
LOAD sncpu.o
LOAD snio.o
LOAD sndma.o
LOAD snppu.o
LOAD snes.o
LOAD snesreg.o
LOAD sn65816.o
LOAD snmemmap.o
LOAD snppucolor.o
LOAD snppublend_gs.o
LOAD snppurender.o
LOAD snppurender8.o
LOAD snppubg.o
LOAD snppuobj.o
LOAD snspctimer.o
LOAD snspcio.o
LOAD snspc_c.o
LOAD snspcdsp.o
LOAD snspcmix.o
LOAD snspcbrr.o
LOAD snspc.o
LOAD snmask128.o
LOAD snspcrom.o
LOAD nesdisk.o
LOAD nesio.o
LOAD nesmmu.o
LOAD n6502.o
LOAD ncpu_c.o
LOAD ndisasm.o
LOAD nescpu.o
LOAD nesppu.o
LOAD nesppurender.o
LOAD nespal.o
LOAD nesrom.o
LOAD nesspu.o
LOAD nesspumix.o
LOAD nesstate.o
LOAD nes.o
LOAD /dev/ps2dev/ps2lib/dev/ee/lib/libmc.a
LOAD /dev/ps2dev/ps2lib/dev/ee/lib/libpad.a
LOAD /dev/ps2dev/ps2net/dev/ps2ip/ee/lib/libps2ip.a
LOAD /dev/ps2dev/ps2lib/dev/ee/lib/libkernel.a
LOAD /dev/ps2dev/gcc/3.2.2-b1/install/i686-pc-cygwin/ee/ee/lib/libc.a
LOAD /dev/ps2dev/gcc/3.2.2-b1/install/i686-pc-cygwin/ee/ee/lib/libm.a
LOAD /dev/ps2dev/gcc/3.2.2-b1/install/i686-pc-cygwin/ee/bin/../lib/gcc-lib/ee/3.2.2/libgcc.a
LOAD /dev/ps2dev/gcc/3.2.2-b1/install/i686-pc-cygwin/ee/ee/lib/libstdc++.a
LOAD /dev/ps2dev/gcc/3.2.2-b1/install/i686-pc-cygwin/ee/bin/../lib/gcc-lib/ee/3.2.2/libgcc.a
LOAD /dev/ps2dev/gcc/3.2.2-b1/install/i686-pc-cygwin/ee/bin/../lib/gcc-lib/ee/3.2.2/libgcc.a

.text           0x0000000000100000    0x63df0
 *(.text)
 .text          0x0000000000100000      0x114 crt0.o
                0x0000000000100008                _start
                0x00000000001000e0                _exit
 *fill*         0x0000000000100114        0x4 00
 .text          0x0000000000100118      0x2a8 main.o
                0x0000000000100128                _Z15MainGetBootPathv
                0x00000000001001c0                _Z10full_resetv
                0x0000000000100138                _Z14MainSetBootDirPKc
                0x0000000000100118                _Z14MainGetBootDirv
                0x0000000000100298                main
 .text          0x00000000001003c0      0x1e8 excepHandler.o
                0x0000000000100518                installExceptionHandlers
                0x00000000001003c0                pkoDebug
 *fill*         0x00000000001005a8        0x8 00
 .text          0x00000000001005b0      0x250 exceptions.o
                0x00000000001005c4                pkoExceptionHandler
                0x00000000001005b0                pkoStepBP
                0x00000000001006fc                pkoReturnFromDebug
 .text          0x0000000000100800      0xa90 array.o
                0x0000000000100818                _ZN9CPtrArrayC1Ev
                0x0000000000100be8                _ZN9CPtrArray9FreeExtraEv
                0x0000000000100890                _ZN9CPtrArray7SetSizeEii
                0x0000000000101130                _ZN9CPtrArray8GetIndexEPv
                0x0000000000101230                _ZN9CPtrArray11AddCollapseEPv
                0x0000000000100ac8                _ZN9CPtrArray6AppendERKS_
                0x00000000001011e0                _ZN9CPtrArray6RemoveEPv
                0x0000000000100b68                _ZN9CPtrArray4CopyERKS_
                0x0000000000100860                _ZN9CPtrArrayD1Ev
                0x0000000000100830                _ZN9CPtrArrayD2Ev
                0x0000000000100c80                _ZN9CPtrArray9SetAtGrowEiPv
                0x0000000000100800                _ZN9CPtrArrayC2Ev
                0x0000000000100f98                _ZN9CPtrArray8InsertAtEiPS_
                0x0000000000100e98                _ZN9CPtrArray8RemoveAtEii
                0x0000000000100d18                _ZN9CPtrArray8InsertAtEiPvi
 .text          0x0000000000101290      0x118 file.o
                0x0000000000101370                _Z10FileExistsPc
                0x0000000000101290                _Z11FileReadMemPcPvj
                0x0000000000101300                _Z12FileWriteMemPcPvj
 .text          0x00000000001013a8      0x3e0 surface.o
                0x0000000000101720                _ZN8CSurface4FreeEv
                0x0000000000101470                _ZN8CSurfaceD1Ev
                0x00000000001013a8                _ZN8CSurfaceC2Ev
                0x00000000001013f8                _ZN8CSurfaceC1Ev
                0x00000000001015e0                _ZN8CSurface3SetEPhjjjP12PixelFormatT
                0x00000000001014e0                _ZN8CSurface10GetLinePtrEi
                0x00000000001014d8                _ZN8CSurface6UnlockEv
                0x00000000001014d0                _ZN8CSurface4LockEv
                0x0000000000101568                _ZN8CSurface5ClearEv
                0x0000000000101678                _ZN8CSurface5AllocEjjP12PixelFormatT
                0x0000000000101498                _ZN8CSurfaceD0Ev
                0x0000000000101518                _ZN8CSurface9ClearLineEi
                0x0000000000101448                _ZN8CSurfaceD2Ev
 .text          0x0000000000101788      0x4a8 rendersurface.o
                0x0000000000101868                _ZN14CRenderSurface10RenderLineEiPhii
                0x0000000000101a68                _ZN14CRenderSurface9ResetClutEv
                0x00000000001019e8                _ZN14CRenderSurfaceC2Ev
                0x0000000000101a28                _ZN14CRenderSurfaceC1Ev
                0x0000000000101be8                _ZN14CRenderSurface17SetPaletteEntriesEiP8Color32Ti
                0x0000000000101a90                _ZN14CRenderSurface14SetClutEntriesEPhii
                0x0000000000101948                _ZN14CRenderSurface12RenderLine32EiPji
 .text          0x0000000000101c30       0x90 pixelformat.o
                0x0000000000101c30                _Z20PixelFormatGetByEnum12PixelFormatE
 .text          0x0000000000101cc0      0x3c0 memspace.o
                0x0000000000101e18                _ZN9CMemSpace4FreeEv
                0x0000000000101cd8                _ZN9CMemSpaceC1Ev
                0x0000000000101ef0                _ZN9CMemSpace8ReadFileEP7CDataIO
                0x0000000000101d30                _ZN9CMemSpace5ClearEh
                0x0000000000101ea8                _ZN9CMemSpace9WriteFileEP7__sFILE
                0x0000000000101fc8                _ZN9CMemSpace9WriteFileEP7CDataIO
                0x0000000000101f40                _ZN9CMemSpace13ReadAllocFileEP7CDataIOj
                0x0000000000102050                _ZN9CMemSpace12RestoreStateEPhj
                0x0000000000101cf0                _ZN9CMemSpaceD2Ev
                0x0000000000101e60                _ZN9CMemSpace8ReadFileEP7__sFILE
                0x0000000000101d10                _ZN9CMemSpaceD1Ev
                0x0000000000102018                _ZN9CMemSpace9SaveStateEPhj
                0x0000000000101d68                _ZN9CMemSpace6SetMemEPhj
                0x0000000000101cc0                _ZN9CMemSpaceC2Ev
                0x0000000000101db0                _ZN9CMemSpace5AllocEj
 .text          0x0000000000102080      0x2b0 inputdevice.o
                0x0000000000102138                _ZN12CInputDevice7GetBitsEv
                0x0000000000102180                _ZN12CInputDevice4PollEv
                0x00000000001021c0                _ZN9CInputMapC1Ev
                0x00000000001021f8                _ZN9CInputMap10SetMappingEiPh
                0x00000000001020b8                _ZN12CInputDeviceC1Ev
                0x00000000001020f0                _ZN12CInputDevice10ResetStateEv
                0x0000000000102080                _ZN12CInputDeviceC2Ev
                0x0000000000102230                _ZN9CInputMap9SetDeviceEP12IInputDevice
                0x0000000000102238                _ZN9CInputMap4PollEv
                0x0000000000102188                _ZN9CInputMapC2Ev
 .text          0x0000000000102330       0x10 console.o
                0x0000000000102330                ConInit
                0x0000000000102338                ConShutdown
 .text          0x0000000000102340      0x450 bmpfile.o
                0x0000000000102568                _Z11BMPReadFilePcP8CSurface
                0x0000000000102340                _Z12BMPWriteFilePcP8CSurfaceP8PaletteT
 .text          0x0000000000102790       0x30 mixbuffer.o
                0x00000000001027a8                _ZN10CMixBuffer17OutputSamplesMonoEPsi
                0x0000000000102790                _ZN10CMixBuffer9GetFormatEPjS0_S0_
                0x00000000001027b0                _ZN10CMixBuffer19OutputSamplesStereoEPsS0_i
                0x00000000001027b8                _ZN10CMixBuffer5FlushEv
                0x00000000001027a0                _ZN10CMixBuffer16GetOutputSamplesEv
 .text          0x00000000001027c0      0x470 wavfile.o
                0x0000000000102c10                _ZN8CWavFile9GetFormatEPjS0_S0_
                0x0000000000102960                _ZN8CWavFile16InterleaveStereoEPsS0_S0_i
                0x0000000000102bf0                _ZN8CWavFile16GetOutputSamplesEv
                0x00000000001027f0                _ZN8CWavFileD2Ev
                0x00000000001028c0                _ZN8CWavFile16OutputSampleDataEPhj
                0x0000000000102ab8                _ZN8CWavFile4OpenEPcjjj
                0x0000000000102928                _ZN8CWavFile17OutputSamplesMonoEPsi
                0x00000000001027c0                _ZN8CWavFileC2Ev
                0x0000000000102a48                _ZN8CWavFile5CloseEv
                0x00000000001027d8                _ZN8CWavFileC1Ev
                0x0000000000102830                _ZN8CWavFileD1Ev
                0x0000000000102870                _ZN8CWavFileD0Ev
                0x0000000000102998                _ZN8CWavFile19OutputSamplesStereoEPsS0_i
 .text          0x0000000000102c30      0x4f0 dataio.o
                0x0000000000102d68                _ZN7CFileIO4ReadEPvi
                0x0000000000102d08                _ZN7CFileIO4OpenEPKcS1_
                0x0000000000102de8                _ZN7CFileIO4SeekEii
                0x0000000000102e58                _ZN7CFileIO5CloseEv
                0x0000000000102e20                _ZN7CFileIO6GetPosEv
                0x0000000000102f18                _ZN10CMemFileIO4OpenEPhj
                0x00000000001030d8                _ZN10CMemFileIO5CloseEv
                0x0000000000102ed8                _ZN10CMemFileIOC1Ev
                0x0000000000102cd0                _ZN7CFileIOC1Ev
                0x0000000000102c30                _ZN7CDataIOC2Ev
                0x00000000001030e8                _ZN10CMemFileIO7ReadPtrEi
                0x0000000000102c98                _ZN7CFileIOC2Ev
                0x0000000000102c70                _ZN7CDataIOD0Ev
                0x0000000000102c60                _ZN7CDataIOD1Ev
                0x0000000000102c50                _ZN7CDataIOD2Ev
                0x0000000000103070                _ZN10CMemFileIO4SeekEii
                0x0000000000102ff0                _ZN10CMemFileIO5WriteEPKvi
                0x0000000000102e98                _ZN10CMemFileIOC2Ev
                0x0000000000102f70                _ZN10CMemFileIO4ReadEPvi
                0x0000000000102da8                _ZN7CFileIO5WriteEPKvi
                0x0000000000102c40                _ZN7CDataIOC1Ev
 .text          0x0000000000103120      0x238 pathext.o
                0x00000000001032e0                _Z14PathExtResolvePcPjh
                0x0000000000103240                _Z10PathExtGetPc
                0x00000000001031e0                _Z10PathExtAddjPc
 .text          0x0000000000103358      0x198 adler32.o
                0x0000000000103358                adler32
 .text          0x00000000001034f0       0xf0 compress.o
                0x00000000001034f0                compress2
                0x00000000001035c0                compress
 .text          0x00000000001035e0      0x208 crc32.o
                0x00000000001035f0                crc32
                0x00000000001035e0                get_crc_table
 .text          0x00000000001037e8     0x1f28 deflate.o
                0x0000000000103ef0                deflate
                0x0000000000103ae8                deflateSetDictionary
                0x00000000001037e8                deflateInit_
                0x0000000000103818                deflateInit2_
                0x0000000000103c48                deflateReset
                0x0000000000104368                deflateCopy
                0x0000000000103d00                deflateParams
                0x0000000000104268                deflateEnd
 .text          0x0000000000105710     0x14a8 gzio.o
                0x0000000000106618                gzflush
                0x00000000001061e0                gzgetc
                0x0000000000105a08                gzopen
                0x0000000000106a90                gzerror
                0x0000000000105a80                gzsetparams
                0x00000000001068f0                gztell
                0x0000000000106668                gzseek
                0x0000000000105f10                gzread
                0x0000000000106480                gzputs
                0x0000000000105a28                gzdopen
                0x0000000000106a18                gzclose
                0x00000000001062d8                gzwrite
                0x0000000000106440                gzputc
                0x0000000000106910                gzeof
                0x0000000000106218                gzgets
                0x0000000000106850                gzrewind
                0x00000000001063c0                gzprintf
 .text          0x0000000000106bb8      0xd98 infblock.o
                0x0000000000107888                inflate_blocks_free
                0x0000000000106d68                inflate_blocks
                0x0000000000106bb8                inflate_blocks_reset
                0x0000000000107940                inflate_blocks_sync_point
                0x00000000001078f0                inflate_set_dictionary
                0x0000000000106c80                inflate_blocks_new
 .text          0x0000000000107950      0x838 infcodes.o
                0x0000000000107950                inflate_codes_new
                0x00000000001079c0                inflate_codes
                0x0000000000108160                inflate_codes_free
 .text          0x0000000000108188      0x438 inffast.o
                0x0000000000108188                inflate_fast
 .text          0x00000000001085c0      0x958 inflate.o
                0x0000000000108808                inflate
                0x0000000000108ed0                inflateSyncPoint
                0x00000000001087e0                inflateInit_
                0x00000000001085c0                inflateReset
                0x0000000000108db8                inflateSync
                0x0000000000108ce8                inflateSetDictionary
                0x0000000000108618                inflateEnd
                0x0000000000108690                inflateInit2_
 .text          0x0000000000108f18      0x8b8 inftrees.o
                0x0000000000109798                inflate_trees_fixed
                0x00000000001094b0                inflate_trees_bits
                0x00000000001095b0                inflate_trees_dynamic
 .text          0x00000000001097d0      0x1a0 infutil.o
                0x00000000001097d0                inflate_flush
 .text          0x0000000000109970     0x2198 trees.o
                0x000000000010afe8                _tr_flush_block
                0x000000000010ac60                _tr_stored_block
                0x0000000000109978                _tr_init
                0x000000000010b278                _tr_tally
                0x000000000010ad20                _tr_align
 .text          0x000000000010bb08       0xd8 uncompr.o
                0x000000000010bb08                uncompress
 .text          0x000000000010bbe0       0x80 zutil.o
                0x000000000010bbe0                zlibVersion
                0x000000000010bc40                zcfree
                0x000000000010bbf0                zError
                0x000000000010bc10                zcalloc
 .text          0x000000000010bc60     0x23d0 explode.o
                0x000000000010bc60                get_tree
                0x000000000010de50                flush
                0x000000000010d760                ReadByte
                0x000000000010d410                explode
                0x000000000010de18                huft_free
                0x000000000010c990                explode_nolit8
                0x000000000010bd30                explode_lit8
                0x000000000010def0                flush_stack
                0x000000000010ced0                explode_nolit4
                0x000000000010df90                FillBitBuffer
                0x000000000010d878                huft_build
                0x000000000010c360                explode_lit4
 .text          0x000000000010e030      0x5d0 unreduce.o
                0x000000000010e030                unReduce
 .text          0x000000000010e600      0x5f0 unshrink.o
                0x000000000010e600                unShrink
 .text          0x000000000010ebf0     0x17a8 unzip.o
                0x000000000010fd48                unzReadCurrentFile
                0x000000000010f868                unzLocateFile
                0x000000000010f758                unzGoToFirstFile
                0x000000000010fbe0                unzOpenCurrentFile
                0x000000000010f280                unzGetGlobalInfo
                0x0000000000110130                unzGetLocalExtrafield
                0x000000000010f710                unzGetCurrentFileInfo
                0x000000000010f7c0                unzGoToNextFile
                0x0000000000110208                unzCloseCurrentFile
                0x0000000000110100                unzeof
                0x00000000001102b8                unzGetGlobalComment
                0x00000000001100e0                unztell
                0x000000000010ee50                unzStringFileNameCompare
                0x000000000010f228                unzClose
                0x000000000010f038                unzOpen
 .text          0x0000000000110398      0x130 prof.o
                0x0000000000110430                ProfStartProfile
                0x0000000000110440                ProfProcess
                0x00000000001103e8                ProfShutdown
                0x0000000000110398                ProfInit
 .text          0x00000000001104c8      0x660 proflog.o
                0x00000000001108c8                ProfLogPrint
                0x0000000000110860                ProfLogEnd
                0x00000000001107c8                ProfLogNew
                0x0000000000110858                ProfLogBegin
                0x0000000000110810                ProfLogDelete
 .text          0x0000000000110b28       0x68 profctr.o
                0x0000000000110b50                ProfCtrInit
                0x0000000000110b28                ProfCtrStartCounter
                0x0000000000110b78                ProfCtrReset
                0x0000000000110b70                ProfCtrShutdown
 .text          0x0000000000110b90      0x470 poly.o
                0x0000000000110d00                _Z12PolyShutdownv
                0x0000000000110d70                _Z11PolyColor4fffff
                0x0000000000110d08                _Z11PolyTextureP8TextureT
                0x0000000000110fb0                _Z9PolyBlendj
                0x0000000000110cf8                _Z8PolyInitv
                0x0000000000110f48                _Z6PolyUViiii
                0x0000000000110fc0                _Z8PolyRectffff
                0x0000000000110fa0                _Z8PolyModej
                0x0000000000110ff8                _Z10PolySpriteffff
                0x0000000000110e00                _Z6PolySTffff
 .text          0x0000000000111000      0x108 cd.o
                0x0000000000111000                cdvdExit
                0x0000000000111010                cdvdInit
 .text          0x0000000000111108      0x478 gs.o
                0x0000000000111240                GS_GetOffsetReg
                0x0000000000111218                GS_GetFrameReg
                0x00000000001111d0                GS_SetDrawFB
                0x0000000000111578                GS_VSync
                0x00000000001111a8                GS_SetCrtFB
                0x0000000000111108                GS_SetDispMode
                0x0000000000111268                GS_SetEnv
                0x0000000000111518                GS_InitGraph
 .text          0x0000000000111580      0x250 hw.o
                0x00000000001115d4                remove_VRstart_handler
                0x0000000000111790                wmemcpy
                0x0000000000111624                WaitForNextVRstart
                0x0000000000111720                Dma02Wait
                0x00000000001117b0                pal_ntsc
                0x0000000000111674                DmaReset
                0x0000000000111660                ClearVRcount
                0x0000000000111580                install_VRstart_handler
                0x00000000001116fc                SendDma02
                0x000000000011164c                TestVRstart
                0x0000000000111770                dmemcpy
                0x0000000000111750                qmemcpy
 .text          0x00000000001117d0      0x2d8 gpfifo.o
                0x00000000001119b0                GPFifoClose
                0x00000000001119d0                GPFifoInit
                0x0000000000111978                GPFifoOpen
                0x0000000000111880                GPFifoPause
                0x0000000000111908                GPFifoResume
                0x0000000000111958                GPFifoSync
                0x0000000000111a88                GPFifoShutdown
                0x0000000000111858                GPFifoFlush
 .text          0x0000000000111aa8      0xd68 libxpad.o
                0x0000000000112408                xpadEnterPressMode
                0x0000000000111f38                xpadRead
                0x0000000000112140                xpadGetSlotMax
                0x00000000001120d8                xpadGetPortMax
                0x0000000000111b30                xpadInit
                0x0000000000111f80                xpadGetState
                0x00000000001123d8                xpadInfoPressMode
                0x0000000000112610                xpadSetActAlign
                0x0000000000112048                xpadStateInt2String
                0x00000000001121b0                xpadGetModVersion
                0x0000000000111ff8                xpadGetReqState
                0x0000000000112018                xpadSetReqState
                0x0000000000112428                xpadExitPressMode
                0x00000000001126f0                xpadSetActDirect
                0x0000000000111cd0                xpadEnd
                0x0000000000112318                xpadSetMainMode
                0x0000000000112090                xpadReqStateInt2String
                0x0000000000111d50                xpadPortOpen
                0x0000000000111e80                xpadPortClose
                0x0000000000111b10                xpadGetFrameCount
                0x0000000000112578                xpadInfoAct
                0x0000000000112798                xpadGetConnection
                0x0000000000112218                xpadInfoMode
                0x00000000001124c0                xpadSetButtonInfo
                0x0000000000112448                xpadGetButtonMask
 .text          0x0000000000112810      0x1e8 libxmtap.o
                0x0000000000112810                xmtapInit
                0x0000000000112978                xmtapPortOpen
 .text          0x00000000001129f8      0x7f8 sjpcm_rpc.o
                0x0000000000112fd8                SjPCM_BufferedAsyncStart
                0x0000000000112e10                _SjPCM_EnqueueIntr
                0x0000000000112e40                SjPCM_Sync
                0x0000000000113190                SjPCM_Quit
                0x0000000000113120                SjPCM_Buffered
                0x0000000000112aa8                SjPCM_Setvol
                0x0000000000112b68                SjPCM_Init
                0x00000000001129f8                SjPCM_Play
                0x0000000000112cc0                SjPCM_Enqueue
                0x0000000000112a50                SjPCM_Pause
                0x0000000000113060                SjPCM_IsInitialized
                0x0000000000112b10                SjPCM_Clearbuff
                0x0000000000112e78                SjPCM_EnqueueAsync
                0x0000000000112fa8                _SjPCM_BufferedIntr
                0x00000000001130b0                SjPCM_Available
                0x0000000000113070                SjPCM_BufferedAsyncGet
 .text          0x00000000001131f0      0x3d0 cdvd_rpc.o
                0x0000000000113280                CDVD_DiskReady
                0x0000000000113450                CDVD_getdir
                0x0000000000113568                CDVD_FlushCache
                0x0000000000113390                CDVD_Stop
                0x00000000001131f0                CDVD_Init
                0x00000000001132f0                CDVD_FindFile
                0x00000000001133e8                CDVD_TrayReq
 .text          0x00000000001135c0      0x328 ps2dma.o
                0x0000000000113848                DmaExecGIFChain
                0x0000000000113628                DmaExecRamToSpr
                0x0000000000113750                DmaExecVIF1
                0x0000000000113668                DmaSyncRamToSpr
                0x0000000000113888                DmaSyncGIF
                0x00000000001136c8                DmaExecVIF0Chain
                0x0000000000113708                DmaSyncVIF0
                0x0000000000113690                DmaExecVIF0
                0x00000000001135c0                DmaExecSprToRam
                0x00000000001137c8                DmaSyncVIF1
                0x0000000000113600                DmaSyncSprToRam
                0x0000000000113788                DmaExecVIF1Chain
                0x0000000000113810                DmaExecGIF
 .text          0x00000000001138e8      0x368 mcsave_ee.o
                0x0000000000113bb8                MCSave_Dread
                0x0000000000113910                MCSave_Init
                0x0000000000113900                MCSave_IsInitialized
                0x0000000000113b48                MCSave_Shutdown
                0x0000000000113a38                MCSave_Write
                0x0000000000113a00                MCSave_WriteSync
 .text          0x0000000000113c50      0x420 sjpcmbuffer.o
                0x0000000000113d90                _ZN14SJPCMMixBuffer18ConvertSamples2to3EPsS0_iPi
                0x0000000000113cc0                _ZN14SJPCMMixBuffer16GetOutputSamplesEv
                0x0000000000113ca0                _ZN14SJPCMMixBuffer9GetFormatEPjS0_S0_
                0x0000000000114048                _ZN14SJPCMMixBuffer17OutputSamplesMonoEPsi
                0x0000000000113f98                _ZN14SJPCMMixBuffer5FlushEv
                0x0000000000113c78                _ZN14SJPCMMixBufferC1Ejh
                0x0000000000113c50                _ZN14SJPCMMixBufferC2Ejh
                0x0000000000113e00                _ZN14SJPCMMixBuffer26ConvertSamplesStereo_32000EPsS0_S0_S0_i
                0x0000000000113e88                _ZN14SJPCMMixBuffer19OutputSamplesStereoEPsS0_i
 .text          0x0000000000114070      0x9b0 gslist.o
                0x0000000000114370                GSDmaCntOpen
                0x0000000000114848                GSGifReg
                0x0000000000114330                GSListGetSpace
                0x0000000000114290                GSListGetPtr
                0x00000000001142c8                GSListSetPtr
                0x0000000000114628                GSGifTagOpenAD
                0x00000000001142a0                GSListGetUncachedPtr
                0x00000000001142b8                GSListGetStart
                0x0000000000114730                GSGifRegAD
                0x00000000001147b8                GSGifTagOpen
                0x0000000000114350                GSListGetSize
                0x00000000001148b0                GSGifTagCloseNLoop
                0x0000000000114978                GSGifTagClose
                0x0000000000114500                GSDmaEnd
                0x0000000000114120                GSListBegin
                0x00000000001146b0                GSGifTagCloseAD
                0x00000000001143f8                GSDmaCntClose
                0x0000000000114470                GSDmaRef
                0x0000000000114578                GSGifTagImage
                0x0000000000114070                GSListSpace
                0x00000000001141c0                GSListEnd
 .text          0x0000000000114a20      0x5a8 gpprim.o
                0x0000000000114a20                GPPrimRect
                0x0000000000114b60                GPPrimDisableZBuf
                0x0000000000114ce0                GPPrimSetTex
                0x0000000000114b98                GPPrimTexRect
                0x0000000000114e38                GPPrimUploadTexture
                0x0000000000114b28                GPPrimEnableZBuf
 .text          0x0000000000114fc8       0xf0 vram.o
                0x0000000000115000                VramInit
                0x0000000000115018                VramShutdown
                0x0000000000115020                VramAlloc
                0x00000000001150b0                VramFree
 .text          0x00000000001150b8      0x658 titleman.o
                0x00000000001151f8                get_next_title
                0x0000000000115128                find_title
                0x00000000001152e8                list_title_db
                0x00000000001150b8                init_exploit_data
                0x00000000001153c8                add_title_db
                0x0000000000115610                del_title_db
 .text          0x0000000000115710      0x658 netplay_ee.o
                0x0000000000115a58                NetPlayServerStop
                0x0000000000115af8                NetPlayClientDisconnect
                0x0000000000115bf0                NetPlayClientSendLoadReq
                0x0000000000115c90                _Netplay_InputIntr
                0x0000000000115c48                NetPlayClientSendLoadAck
                0x0000000000115b40                NetPlayServerPingAll
                0x0000000000115878                NetPlayRPCProcess
                0x00000000001158b8                NetPlayInit
                0x0000000000115b80                NetPlayGetStatus
                0x0000000000115cb0                NetPlayClientInput
                0x0000000000115a98                NetPlayClientConnect
                0x00000000001159f8                NetPlayServerStart
                0x00000000001157d0                NetPlayPuts
 .text          0x0000000000115d68      0x9c8 font.o
                0x00000000001164f8                _Z14_FontParseLineP5FontTP8CSurfacePcjj
                0x0000000000116128                _Z8FontPutsffPc
                0x00000000001163d0                _Z10FontDeleteP5FontT
                0x00000000001161f0                _Z10FontSelecti
                0x0000000000116228                _Z12FontGetWidthv
                0x00000000001160a8                _Z11FontColor4fffff
                0x0000000000116248                _Z13FontGetHeightv
                0x0000000000116168                _Z10FontPrintfffPcz
                0x00000000001163a0                _Z7FontNewP5FontT
                0x0000000000115e48                _Z15FontGetStrWidthPc
                0x0000000000116210                _Z11FontSetFontiP5FontT
                0x0000000000116370                _Z12FontShutdownv
                0x0000000000116268                _Z8FontInitj
                0x0000000000116608                _Z14FontParseCharsP5FontTP8CSurfacePc
                0x0000000000116010                _Z8FontMakeP5FontTP8CSurfacejPc
 .text          0x0000000000116730      0x1a8 texture.o
                0x00000000001168c0                _Z13TextureDeleteP8TextureT
                0x0000000000116770                _Z10TextureNewP8TextureTjjj
                0x00000000001168c8                _Z14TextureGetAddrP8TextureT
                0x0000000000116880                _Z13TextureUploadP8TextureTPh
                0x0000000000116878                _Z14TextureSetAddrP8TextureTj
                0x00000000001168d0                _Z16TextureSetFilterP8TextureTj
 .text          0x00000000001168d8      0x5a8 input.o
                0x0000000000116a88                _Z19InputIsPadConnectedj
                0x0000000000116ba0                _Z13InputShutdownv
                0x0000000000116ab8                _Z15InputGetPadDataj
                0x0000000000116c60                _Z9InputPollv
                0x0000000000116af8                _Z9InputInith
 .text          0x0000000000116e80       0x20 version.o
                0x0000000000116e90                _Z17VersionGetElfNamev
                0x0000000000116e80                _Z14VersionGetInfov
 .text          0x0000000000116ea0     0x41e8 mainloop.o
                0x000000000011af28                _Znaj
                0x00000000001170e8                _Z24PathGetMaxFileNameLengthPKc
                0x000000000011a7a0                _Z16MainLoopShutdownv
                0x0000000000116ea0                _Z19MainLoopModalPrintfiPcz
                0x0000000000119ed8                _Z14MainLoopRenderv
                0x0000000000117030                _Z17PathTruncFileNamePcS_i
                0x0000000000116f18                _Z20MainLoopStatusPrintfiPcz
                0x0000000000116f78                _Z9ScrPrintfPcz
                0x000000000011aef0                _ZdlPv
                0x000000000011a448                _Z15MainLoopProcessv
                0x0000000000118bc8                _Z13IOPLoadModulePKcPPciS0_
                0x0000000000119210                _Z8CopyFilePcS_PFiS_S_iiE
                0x0000000000117698                _Z18_MainLoopSaveStatev
                0x000000000011af48                _ZdaPv
                0x0000000000119e70                _Z14_MainLoopInputj
                0x0000000000117540                _Z18_MainLoopLoadStatev
                0x0000000000119598                _Z12MainLoopInitv
                0x000000000011aea0                _Znwj
                0x0000000000119430                _Z12InstallFilesPcS_PS_PFiS_S_iiE
 .text          0x000000000011b088      0xf98 uiBrowser.o
                0x000000000011b3d8                _ZN14CBrowserScreenC2Ej
                0x000000000011b488                _ZN14CBrowserScreenC1Ej
                0x000000000011b690                _ZN14CBrowserScreen8AddEntryEPc17BrowserEntryTypeEi
                0x000000000011bb28                _ZN14CBrowserScreen5InputEjj
                0x000000000011b660                _ZN14CBrowserScreen11SortEntriesEv
                0x000000000011bf28                _ZN14CBrowserScreen5ChdirEPc
                0x000000000011b538                _ZN14CBrowserScreenD2Ev
                0x000000000011b748                _ZN14CBrowserScreen4DrawEv
                0x000000000011b088                _ZN14CBrowserScreen12GetEntryPathEPci
                0x000000000011b0f0                _ZN14CBrowserScreen12GetEntryNameEv
                0x000000000011bd60                _ZN14CBrowserScreen6SetDirEPc
                0x000000000011b618                _ZN14CBrowserScreen12ResetEntriesEv
                0x000000000011b128                _ZN14CBrowserScreen12GetEntryTypeEv
                0x000000000011bb20                _ZN14CBrowserScreen7ProcessEv
                0x000000000011b160                _ZN14CBrowserScreen9MenuEventEjjPv
                0x000000000011b580                _ZN14CBrowserScreenD1Ev
                0x000000000011b5c8                _ZN14CBrowserScreenD0Ev
 .text          0x000000000011c020      0xf28 uiNetwork.o
                0x000000000011c0c0                _ZN14CNetworkScreen7ProcessEv
                0x000000000011c4e0                _Z12_MenuPrintIPiij
                0x000000000011c6a8                _Z20_MenuPrintAlignRightiiPch
                0x000000000011c310                _ZN14CNetworkScreen9SetEditIPEj
                0x000000000011c430                _ZN14CNetworkScreen9GetEditIPEv
                0x000000000011c7b0                _Z21_MenuPrintAlignCenteriiPch
                0x000000000011c0c8                _ZN14CNetworkScreen5InputEjj
                0x000000000011c5b0                _Z19_MenuPrintAlignLeftiiPch
                0x000000000011c020                _ZN14CNetworkScreenC2Ev
                0x000000000011c978                _Z15_MenuDrawEditIPiiPai
                0x000000000011c540                _Z16_MenuPrintIPPortiijj
                0x000000000011c070                _ZN14CNetworkScreenC1Ev
                0x000000000011ca50                _ZN14CNetworkScreen4DrawEv
                0x000000000011c8c0                _Z11_MenuHeaderiPc
 .text          0x000000000011cf48      0x5c0 uiMenu.o
                0x000000000011cfe0                _ZN11CMenuScreenC1Ev
                0x000000000011d470                _ZN11CMenuScreen5InputEjj
                0x000000000011cf90                _ZN11CMenuScreenC2Ev
                0x000000000011d030                _ZN11CMenuScreen8SetTitleEPc
                0x000000000011d050                _ZN11CMenuScreen7SetTextEiPc
                0x000000000011d240                _ZN11CMenuScreen4DrawEv
                0x000000000011cf48                _ZN11CMenuScreen10SetEntriesEPPc
                0x000000000011d468                _ZN11CMenuScreen7ProcessEv
 .text          0x000000000011d508      0x418 uiLog.o
                0x000000000011d780                _ZN10CLogScreen4DrawEv
                0x000000000011d8e0                _ZN10CLogScreen7ProcessEv
                0x000000000011d508                _ZN10CLogScreenC2Ev
                0x000000000011d530                _ZN10CLogScreenC1Ev
                0x000000000011d558                _ZN10CLogScreen10AddMessageEPc
                0x000000000011d8e8                _ZN10CLogScreen5InputEjj
 .text          0x000000000011d920      0x3b8 memcard.o
                0x000000000011db38                _Z11MemCardInitv
                0x000000000011db88                _Z16MemCardWriteFilePcPhj
                0x000000000011daa0                _Z19MemCardCheckNewCardv
                0x000000000011d920                _Z17MemCardCreateSavePcS_h
                0x000000000011dc30                _Z15MemCardReadFilePcPhj
 .text          0x000000000011dcd8       0xb0 emurom.o
                0x000000000011dd70                _ZN7CEmuRom16GetRomRegionSizeEj
                0x000000000011dd08                _ZN7CEmuRomD2Ev
                0x000000000011dd78                _ZN7CEmuRom10GetNumExtsEv
                0x000000000011dcf0                _ZN7CEmuRomC1Ev
                0x000000000011dd50                _ZN7CEmuRom7LoadRomEP7CDataIOPhj
                0x000000000011dd68                _ZN7CEmuRom16GetRomRegionNameEj
                0x000000000011dd28                _ZN7CEmuRomD0Ev
                0x000000000011dd58                _ZN7CEmuRom6UnloadEv
                0x000000000011dd80                _ZN7CEmuRom10GetExtNameEj
                0x000000000011dd60                _ZN7CEmuRom16GetNumRomRegionsEv
                0x000000000011dcd8                _ZN7CEmuRomC2Ev
                0x000000000011dd18                _ZN7CEmuRomD1Ev
 .text          0x000000000011dd88       0x78 emusys.o
                0x000000000011ddd8                _ZN10CEmuSystemD0Ev
                0x000000000011dd88                _ZN10CEmuSystemC2Ev
                0x000000000011ddb8                _ZN10CEmuSystemD2Ev
                0x000000000011dda0                _ZN10CEmuSystemC1Ev
                0x000000000011ddc8                _ZN10CEmuSystemD1Ev
 .text          0x000000000011de00      0x428 emumovie.o
                0x000000000011e058                _ZN13CEmuMovieClip11RecordFrameER12EmuSysInputT
                0x000000000011dee0                _ZN13CEmuMovieClipD2Ev
                0x000000000011e1d0                _ZN13CEmuMovieClip9PlayFrameER12EmuSysInputT
                0x000000000011de00                _ZN13CEmuMovieClipC2Ejj
                0x000000000011e008                _ZN13CEmuMovieClip9RecordEndEv
                0x000000000011df00                _ZN13CEmuMovieClipD1Ev
                0x000000000011de70                _ZN13CEmuMovieClipC1Ejj
                0x000000000011e0b0                _ZN13CEmuMovieClip9PlayBeginEP10CEmuSystem
                0x000000000011df20                _ZN13CEmuMovieClip11RecordBeginEP10CEmuSystem
                0x000000000011e180                _ZN13CEmuMovieClip7PlayEndEv
 .text          0x000000000011e228      0xeb8 snstate.o
                0x000000000011ef70                _Z14SNStateCompareP10SnesStateTS0_
                0x000000000011eed0                _Z15_SNStateMemDiffPcPhS0_i
                0x000000000011e9f0                _ZN8SnesDMAC12RestoreStateEP12SNStateDMACT
                0x000000000011e830                _ZN7SNSpcIO9SaveStateEP13SNStateSPCIOT
                0x000000000011e228                _ZN10SnesSystem9SaveStateEPvi
                0x000000000011ec28                _ZN7SnesPPU12RestoreStateEP11SNStatePPUT
                0x000000000011e7b8                _ZN6SnesIO12RestoreStateEP10SNStateIOT
                0x000000000011ee78                _ZN11SNSpcDspMix9SaveStateEP14SNStateSPCDSPT
                0x000000000011ee30                _ZN8SNSpcDsp9SaveStateEP14SNStateSPCDSPT
                0x000000000011e8f0                _ZN7SNSpcIO12RestoreStateEP13SNStateSPCIOT
                0x000000000011e740                _ZN6SnesIO9SaveStateEP10SNStateIOT
                0x000000000011ea20                _ZN7SnesPPU9SaveStateEP11SNStatePPUT
                0x000000000011e258                _ZN10SnesSystem12RestoreStateEPvi
                0x000000000011eea8                _ZN11SNSpcDspMix12RestoreStateEP14SNStateSPCDSPT
                0x000000000011e9b0                _ZN8SnesDMAC9SaveStateEP12SNStateDMACT
                0x000000000011e288                _ZN10SnesSystem12GetStateSizeEv
                0x000000000011e4d0                _ZN10SnesSystem12RestoreStateEP10SnesStateT
                0x000000000011ee58                _ZN8SNSpcDsp12RestoreStateEP14SNStateSPCDSPT
                0x000000000011e298                _ZN10SnesSystem9SaveStateEP10SnesStateT
 .text          0x000000000011f0e0     0x6880 sncpu_c.o
                0x000000000011fb28                SNCPUExecute_C
 .text          0x0000000000125960      0x698 snrom.o
                0x0000000000125d10                _ZN7SnesRom16GetRomRegionNameEj
                0x0000000000125d40                _ZN7SnesRom11GetRomTitleEv
                0x0000000000125d48                _ZN7SnesRom7LoadRomEP7CDataIOPhj
                0x00000000001259c8                _ZN7SnesRom15SNRomGetHdrTypeEP9SNRomHdrU
                0x0000000000125fc8                _ZN7SnesRom10GetNumExtsEv
                0x0000000000125b68                _ZN7SnesRom11GetCartInfoEj
                0x0000000000125f78                _ZN7SnesRom6UnloadEv
                0x0000000000125af0                _ZN7SnesRomD1Ev
                0x0000000000125b98                _ZN7SnesRom11SetCartInfoEP10SNRomInfoT
                0x0000000000125d28                _ZN7SnesRom16GetRomRegionSizeEj
                0x0000000000125a28                _ZN7SnesRomC2Ev
                0x0000000000125d08                _ZN7SnesRom16GetNumRomRegionsEv
                0x0000000000125fd0                _ZN7SnesRom10GetExtNameEj
                0x0000000000125ab8                _ZN7SnesRomD2Ev
                0x0000000000125a70                _ZN7SnesRomC1Ev
                0x0000000000125b28                _ZN7SnesRomD0Ev
 .text          0x0000000000125ff8      0x5d0 sndisasm.o
                0x0000000000126578                SNDisasm
 .text          0x00000000001265c8      0x4c0 snspcdisasm.o
                0x0000000000126a48                SNSPCDisasm
 .text          0x0000000000126a88     0x1180 sncpu.o
                0x00000000001279d8                SNCPUExecuteDebug
                0x0000000000127498                SNCPUPop24
                0x0000000000126d00                SNCPUSetTrap
                0x0000000000126c08                SNCPUSetBank
                0x0000000000127890                SNCPUResetCounter
                0x0000000000127b00                SNCPUAbort
                0x00000000001274f0                SNCPUNMI
                0x00000000001272c0                SNCPUWrite16
                0x0000000000127370                SNCPUPush16
                0x0000000000126ff0                SNCPUPeekMem
                0x00000000001273b8                SNCPUPush24
                0x0000000000126aa8                SNCPUNew
                0x00000000001275c8                SNCPUIRQ
                0x0000000000127318                SNCPUPush8
                0x0000000000127108                SNCPURead24
                0x00000000001278c8                SNCPUExecute
                0x0000000000126e10                SNCPUSetMemSpeed
                0x0000000000127aa0                SNCPUSetDebug
                0x0000000000126ee8                SNCPUSetRomSpeed
                0x00000000001276b0                SNCPUDisassemble
                0x00000000001270a8                SNCPURead16
                0x0000000000127410                SNCPUPop8
                0x0000000000127b60                SNCPUSignalNMI
                0x0000000000127b20                SNCPUSignalIRQ
                0x0000000000126bd8                SNCPUDelete
                0x0000000000126b68                SNCPUReset
                0x0000000000126be0                SNCPUResetRegs
                0x0000000000126b30                SNCPUResetCounters
                0x00000000001278a0                SNCPUSetExecuteFunc
                0x0000000000127450                SNCPUPop16
                0x0000000000127178                SNCPUReadMem
                0x0000000000127060                SNCPURead8
                0x0000000000126fc8                SNCPUPeek8
                0x0000000000127920                SNCPUExecuteOne
                0x0000000000127720                SNCPUDumpRegs
                0x0000000000127bc8                SNCPUSignalDMA
                0x0000000000127268                SNCPUWrite8
 .text          0x0000000000127c08      0x390 snio.o
                0x0000000000127f58                _ZN6SnesIO10LatchInputEP12EmuSysInputT
                0x0000000000127ee0                _ZN6SnesIOC2Ev
                0x0000000000127c58                _ZN6SnesIO11ReadSerial0Ev
                0x0000000000127dd8                _ZN6SnesIO11WriteSerialEh
                0x0000000000127c08                _ZN6SnesIO13ReadSerialPadEj
                0x0000000000127f00                _ZN6SnesIOC1Ev
                0x0000000000127c20                _ZN6SnesIO14ShiftSerialPadEj
                0x0000000000127f20                _ZN6SnesIO5ResetEv
                0x0000000000127cb8                _ZN6SnesIO11ReadSerial1Ev
                0x0000000000127e38                _ZN6SnesIO13UpdateJoyPadsEv
 .text          0x0000000000127f98      0xef8 sndma.o
                0x0000000000128de8                _ZN8SnesDMAC11ProcessHDMAEv
                0x0000000000128608                _ZN8SnesDMAC17ProcessMDMAChFastEj
                0x0000000000128190                _ZN8SnesDMAC13SetMDMAEnableEh
                0x00000000001281a0                _ZN8SnesDMAC17ProcessMDMAChReadEj
                0x0000000000128d58                _ZN8SnesDMAC11ProcessMDMAEv
                0x0000000000128198                _ZN8SnesDMAC13SetHDMAEnableEh
                0x0000000000127f98                _ZN8SnesDMAC5Read8Ejj
                0x0000000000128880                _ZN8SnesDMAC13ProcessHDMAChEj
                0x0000000000128e58                _ZN8SnesDMAC5ResetEv
                0x0000000000128848                _ZN8SnesDMAC9BeginHDMAEv
                0x0000000000128070                _ZN8SnesDMAC6Write8Ejjh
                0x0000000000128300                _ZN8SnesDMAC12TransferDataEP10SnesDMAChTPhi
 .text          0x0000000000128e90      0xee0 snppu.o
                0x0000000000129a90                _ZN7SnesPPU8EndFrameEv
                0x0000000000129b30                _ZN7SnesPPU4SyncEj
                0x0000000000129270                _ZN7SnesPPU11ReadVMDATAHEv
                0x0000000000129ac8                _ZN7SnesPPU12EnqueueWriteEjjh
                0x0000000000129420                _ZN7SnesPPU12UpdateMatMulEv
                0x0000000000128f20                _ZN7SnesPPU10ReadCGDATAEv
                0x0000000000129c80                _ZN7SnesPPU5ResetEv
                0x0000000000129130                _ZN7SnesPPU13WriteVMDATALHEhh
                0x0000000000129d48                _ZN7SnesPPUC1Ev
                0x00000000001292d8                _ZN7SnesPPU12WriteOAMDATAEh
                0x0000000000129a80                _ZN7SnesPPU10BeginFrameEv
                0x0000000000129390                _ZN7SnesPPU11ReadOAMDATAEv
                0x0000000000128e90                _ZN7SnesPPU11WriteCGDATAEh
                0x0000000000129448                _ZN7SnesPPU6Write8Ejh
                0x0000000000128ff0                _ZN7SnesPPU12WriteVMDATALEh
                0x0000000000129208                _ZN7SnesPPU11ReadVMDATALEv
                0x0000000000129090                _ZN7SnesPPU12WriteVMDATAHEh
                0x0000000000129d20                _ZN7SnesPPUC2Ev
 .text          0x0000000000129d70     0x1988 snes.o
                0x000000000012b698                _ZN10SnesSystem9GetStringE13EmuSysStringE
                0x000000000012aea8                _ZN10SnesSystem9SoftResetEv
                0x000000000012b168                _ZN10SnesSystem14ExecuteWithIRQEiRi
                0x000000000012a8a8                _ZN10SnesSystemC2Ev
                0x000000000012b320                _ZN10SnesSystem12ExecuteFrameEP12EmuSysInputTP14CRenderSurfaceP10CMixBuffer11EmuSysModeE
                0x000000000012a750                _ZN10SnesSystem7ReadMemEP7SNCpu_tj
                0x000000000012b630                _ZN10SnesSystem12GetSRAMBytesEv
                0x000000000012a460                _ZN10SnesSystem9Write4000EP7SNCpu_tjh
                0x000000000012a798                _ZN10SnesSystem9WriteSRAMEP7SNCpu_tjh
                0x000000000012a7d0                _ZN10SnesSystem8ReadDSP1EP7SNCpu_tj
                0x000000000012ad78                _ZN10SnesSystem5ResetEv
                0x000000000012a760                _ZN10SnesSystem8ReadSRAMEP7SNCpu_tj
                0x000000000012afb8                _ZN10SnesSystem10ExecuteCPUEi
                0x000000000012a1d0                _ZN10SnesSystem8Read4000EP7SNCpu_tj
                0x000000000012a758                _ZN10SnesSystem8WriteMemEP7SNCpu_tjh
                0x000000000012aef0                _ZN10SnesSystem6SetRomEP7CEmuRom
                0x000000000012aa70                _ZN10SnesSystemC1Ev
                0x000000000012b210                _ZN10SnesSystem11ExecuteLineEv
                0x0000000000129df8                _ZN10SnesSystem8Read2000EP7SNCpu_tj
                0x000000000012af10                _ZN10SnesSystem10SetSnesRomEP7SnesRom
                0x000000000012aca0                _ZN10SnesSystemD1Ev
                0x000000000012ad08                _ZN10SnesSystemD0Ev
                0x000000000012a010                _ZN10SnesSystem9Write2000EP7SNCpu_tjh
                0x0000000000129d70                _ZN10SnesSystem7SyncSPCEi
                0x000000000012b660                _ZN10SnesSystem11GetSRAMDataEv
                0x000000000012ac38                _ZN10SnesSystemD2Ev
                0x000000000012a850                _ZN10SnesSystem9WriteDSP1EP7SNCpu_tjh
 .text          0x000000000012b6f8       0x60 snesreg.o
                0x000000000012b750                _ZN11SnesReg16FT5ResetEv
                0x000000000012b6f8                _ZN11SnesReg16FT6Write8Eh
                0x000000000012b728                _ZN11SnesReg16FT5Read8Ev
 .text          0x000000000012b758     0x90a0 sn65816.o
                0x000000000012c0a0                SNCPUExecute_ASM
                0x00000000001333f8                _SNCPU_OpTable
 .text          0x00000000001347f8      0x498 snmemmap.o
                0x0000000000134ba8                _ZN10SnesSystem6MapMemE13SNRomMappingEj
                0x00000000001347f8                _ZN10SnesSystem6MapMemEP11SnesMemMapT
                0x0000000000134c68                _ZN10SnesSystem10SetSlowRomEv
                0x0000000000134b20                _ZN10SnesSystem10DumpMemMapEv
                0x0000000000134c40                _ZN10SnesSystem10SetFastRomEv
 .text          0x0000000000134c90      0x5b0 snppucolor.o
                0x0000000000134ef0                _Z20SNPPUColorGetPalettev
                0x0000000000134e90                _Z23SNPPUColorConvert15to32t
                0x0000000000134eb0                _Z19SNPPUColorSetColorsPKji
                0x0000000000134f00                _Z19SNPPUColorCalibratePK16SNPPUColorCalibT
 .text          0x0000000000135240      0xce0 snppublend_gs.o
                0x0000000000135330                _ZN12SNPPUBlendGS13UpdatePaletteEP15SNPPUBlendInfoTPtj
                0x0000000000135818                _ZN12SNPPUBlendGS3EndEv
                0x0000000000135d88                _ZN12SNPPUBlendGSC2Ejj
                0x0000000000135748                _ZN12SNPPUBlendGS5BeginEP14CRenderSurface
                0x0000000000135ef0                _ZN12SNPPUBlendGS5ClearEP15SNPPUBlendInfoTi
                0x00000000001352c0                _ZN12SNPPUBlendGS18UpdatePaletteEntryEP15SNPPUBlendInfoTjjj
                0x0000000000135dc8                _ZN12SNPPUBlendGSC1Ejj
                0x0000000000135e08                _ZN12SNPPUBlendGS4ExecEP15SNPPUBlendInfoTijP7SNMaskThj
 .text          0x0000000000135f20      0x7f0 snppurender.o
                0x0000000000136108                _ZN13SnesPPURender10RenderLineEi
                0x00000000001366a0                _ZN13SnesPPURender9EndRenderEv
                0x00000000001361c8                _ZN13SnesPPURender12RenderLine32Eih
                0x00000000001365b0                _ZN13SnesPPURender11BeginRenderEP14CRenderSurface
                0x0000000000136708                _ZN13SnesPPURender10UpdateVRAMEj
                0x0000000000136160                _ZN13SnesPPURender12RenderLine16Ei
                0x0000000000136090                _Z10_DrawMask2PjP7SNMaskTS1_i
                0x0000000000136168                _ZN13SnesPPURender11UpdateCGRAMEjt
                0x0000000000136030                _Z9_DrawMaskPjP7SNMaskTi
 .text          0x0000000000136710     0x2040 snppurender8.o
                0x00000000001368f8                _Z11_ClearLine8PhS_ihj
                0x0000000000136928                _Z11_ClearLine8Phih
                0x00000000001382b0                _Z16RenderLine8Mode7iP17SnesRender8pInfoT
                0x0000000000137958                _ZN13SnesPPURender11RenderLine8EiP17SnesRender8pInfoT
 .text          0x0000000000138750      0xe70 snppubg.o
                0x0000000000139460                _ZN13SnesPPURender13DecodeWindowsEP7SNMaskTS1_
                0x0000000000138d88                _ZN13SnesPPURender13FetchBGOffsetEP11SnesBGInfoTP15SnesRenderTileTiiPtjh
                0x0000000000139108                _ZN13SnesPPURender12DecodeBGInfoEP11SnesBGInfoT
                0x0000000000138ea0                _ZN13SnesPPURender11FetchOffsetEP11SnesBGInfoTPtiRjh
                0x0000000000138b68                _ZN13SnesPPURender7FetchBGEP11SnesBGInfoTP15SnesRenderTileTiiRj
                0x0000000000138fa0                _Z10_SetBGMaskP7SNMaskTS0_hh
 .text          0x00000000001395c0      0x420 snppuobj.o
                0x00000000001397b0                _ZN13SnesPPURender8CheckOBJEPhS0_iiS0_ii
                0x0000000000139680                _Z10_DecodeOBJP11SnesPPUOBJTP14SnesRenderObjTiPhS3_
                0x0000000000139810                _ZN13SnesPPURender8CheckOBJEPhi
                0x0000000000139750                _ZN13SnesPPURender8CheckOBJEP14SnesRenderObjTiiPhii
                0x0000000000139950                _ZN13SnesPPURender9UpdateOBJEPhS0_
                0x0000000000139878                _ZN13SnesPPURender19UpdateOBJVisibilityEPhS0_ii
                0x00000000001395c0                _Z12_DecodeOBJEXPhP14SnesRenderObjTiS_
 .text          0x00000000001399e0      0x130 snspctimer.o
                0x0000000000139a68                _Z19SNSpcTimerSetEnableP12SNSpcTimer_tih
                0x0000000000139ae0                _Z20SNSpcTimerGetCounterP12SNSpcTimer_ti
                0x0000000000139ab0                _Z18SNSpcTimerSetTimerP12SNSpcTimer_th
                0x00000000001399e0                _Z15SNSpcTimerResetP12SNSpcTimer_tj
                0x0000000000139a08                _Z14SNSpcTimerSyncP12SNSpcTimer_ti
 .text          0x0000000000139b10      0x3b0 snspcio.o
                0x0000000000139d50                _ZN7SNSpcIO10Write8TrapEP7SNSpc_tjh
                0x0000000000139b10                _ZN7SNSpcIO12EnqueueWriteEjjh
                0x0000000000139b70                _ZN7SNSpcIO12SyncQueueAllEv
                0x0000000000139bc8                _ZN7SNSpcIO5ResetEv
                0x0000000000139c28                _ZN7SNSpcIO9Read8TrapEP7SNSpc_tj
 .text          0x0000000000139ec0     0x38b8 snspc_c.o
                0x000000000013a200                SNSPCExecute_C
 .text          0x000000000013d778      0x510 snspcdsp.o
                0x000000000013d778                _ZN8SNSpcDspC2Ev
                0x000000000013d788                _ZN8SNSpcDspC1Ev
                0x000000000013d918                _ZN8SNSpcDsp12GetSampleDirEhj
                0x000000000013dab8                _ZN8SNSpcDsp4SyncEj
                0x000000000013d7d8                _ZN8SNSpcDsp6Write8Ejh
                0x000000000013db48                _ZN8SNSpcDsp4SyncEv
                0x000000000013d798                _ZN8SNSpcDsp5ResetEv
                0x000000000013dbc0                _ZN8SNSpcDsp11UpdateFlagsEP12ISNSpcDspMix
                0x000000000013d950                _ZN8SNSpcDsp5KeyOnEi
                0x000000000013da58                _ZN8SNSpcDsp12EnqueueWriteEjjh
                0x000000000013d9e0                _ZN8SNSpcDsp6KeyOffEi
                0x000000000013d908                _ZN8SNSpcDsp5Read8Ej
 .text          0x000000000013dc88     0x1668 snspcmix.o
                0x000000000013e5d8                _Z11_MixChannelPiS_PsPhPtiii
                0x000000000013e6c8                _Z15_MixChannelEchoPiS_PsS0_S0_PhPtiii
                0x000000000013e418                _ZN15SNSpcDspMixFull12OutputSampleEiPsPtii
                0x000000000013f250                _ZN17SNSpcDspMixSilent3MixEP10CMixBuffer
                0x000000000013e248                _ZN15SNSpcDspMixFull11OutputNoiseEPsPtii
                0x000000000013e318                _ZN15SNSpcDspMixFull10FetchBlockEi
                0x000000000013df10                _ZN11SNSpcDspMix14OutputEnvelopeEiPhi
                0x000000000013dea8                _ZN11SNSpcDspMix6KeyOffEi
                0x000000000013f120                _ZN17SNSpcDspMixSilent12OutputSampleEiii
                0x000000000013dee0                _ZN11SNSpcDspMix15GetChannelStateEiPhS0_
                0x000000000013de48                _ZN11SNSpcDspMix5KeyOnEi
                0x000000000013dc88                _ZN11SNSpcDspMix17BuildLookupTablesEj
                0x000000000013e868                _Z8_MixEchoPsPiS_iii
                0x000000000013f090                _ZN17SNSpcDspMixSilent10FetchBlockEi
                0x000000000013ec68                _ZN15SNSpcDspMixFull3MixEP10CMixBuffer
                0x000000000013e1f0                _ZN15SNSpcDspMixFull5ResetEv
                0x000000000013de20                _ZN11SNSpcDspMix5ResetEv
                0x000000000013eb08                _ZN15SNSpcDspMixFull10FilterEchoEPsS0_iih
 .text          0x000000000013f2f0      0x158 snspcbrr.o
                0x000000000013f410                SNSpcBRRClear
                0x000000000013f378                SNSpcBRRDecode
 .text          0x000000000013f448      0x788 snspc.o
                0x000000000013f7a8                SNSPCSetTrapFunc
                0x000000000013f848                SNSPCWrite16
                0x000000000013fb38                SNSPCSetDebug
                0x000000000013f738                SNSPCReadMem
                0x000000000013f958                SNSPCResetCounter
                0x000000000013f618                SNSPCPeek8
                0x000000000013f7b8                SNSPCWrite8
                0x000000000013fb98                SNSPCMemChecksum
                0x000000000013f480                SNSPCNew
                0x000000000013f628                SNSPCPeekMem
                0x000000000013f478                SNSPCSetSpeed
                0x000000000013f4d0                SNSPCResetRegs
                0x000000000013f4f0                SNSPCSetRomEnable
                0x000000000013f8c8                SNSPCExecuteToCycle
                0x000000000013f6d8                SNSPCRead16
                0x000000000013f698                SNSPCRead8
                0x000000000013f968                SNSPCDumpRegs
                0x000000000013f8f0                SNSPCExecute
                0x000000000013f8a0                SNSPCSetExecuteFunc
                0x000000000013fa80                SNSPCExecuteDebug
                0x000000000013f598                SNSPCReset
                0x000000000013f4c8                SNSPCDelete
                0x000000000013f468                SNSPCResetCounters
 .text          0x000000000013fbd0      0x2b0 snmask128.o
                0x000000000013fc98                _Z9SNMaskSHLP7SNMaskTPKhi
                0x000000000013fc38                _Z11SNMaskRightP7SNMaskTi
                0x000000000013fd20                _Z9SNMaskSHRP7SNMaskTPKhi
                0x000000000013fbd0                _Z10SNMaskLeftP7SNMaskTi
                0x000000000013fda0                _Z11SNMaskRangeP7SNMaskTjjb
 .text          0x000000000013fe80       0x10 snspcrom.o
                0x000000000013fe80                SNSpcRomGetRomData
 .text          0x000000000013fe90      0x348 nesdisk.o
                0x0000000000140108                _ZN7NesDisk9WriteByteEijh
                0x00000000001401a8                _ZN7NesDisk13GetMapperNameEv
                0x000000000013fe90                _ZN7NesDiskC2Ev
                0x000000000013ff20                _ZN7NesDisk7LoadRomEP7CDataIOPhj
                0x0000000000140060                _ZN7NesDisk6UnloadEv
                0x000000000013fed8                _ZN7NesDiskC1Ev
                0x00000000001401c0                _ZN7NesDisk10GetExtNameEj
                0x00000000001400c8                _ZN7NesDisk8ReadByteEij
                0x0000000000140148                _ZN7NesDisk16GetNumRomRegionsEv
                0x0000000000140198                _ZN7NesDisk16GetRomRegionSizeEj
                0x0000000000140150                _ZN7NesDisk16GetRomRegionNameEj
                0x00000000001401b8                _ZN7NesDisk10GetNumExtsEv
 .text          0x00000000001401d8      0x120 nesio.o
                0x00000000001401f8                _ZN5NesIOC1Ev
                0x0000000000140230                _ZN5NesIO10LatchInputEP12EmuSysInputT
                0x0000000000140218                _ZN5NesIO5ResetEv
                0x00000000001402b0                _ZN5NesIO6StrobeEj
                0x00000000001402c8                _ZN5NesIO4ReadEj
                0x00000000001401d8                _ZN5NesIOC2Ev
 .text          0x00000000001402f8      0xaa8 nesmmu.o
                0x00000000001409f0                _ZN6NesMMU8Read5000Ej
                0x00000000001409e8                _ZN6NesMMU9Write5000Ejh
                0x0000000000140650                _ZN6NesMMU11SetChrRom8KEj
                0x0000000000140730                _ZN6NesMMU9SetMirrorE13NesMMUMirrorE
                0x0000000000140a00                _ZN6NesMMU9Write4000Ejh
                0x0000000000140a18                _ZN6NesMMU9SaveStateEPh
                0x00000000001409d0                _ZN6NesMMU13GetLatchTableEv
                0x00000000001404a0                _ZN6NesMMU12SetPrgRom32KEj
                0x00000000001403c0                _ZN6NesMMU11SetPrgRam8KEjj
                0x0000000000140a28                _Z9NesMMUNew7NesMMUE
                0x0000000000140700                _ZN6NesMMU12SetNameTableEjj
                0x00000000001409c8                _ZN6NesMMU8ScanLineEi
                0x0000000000140510                _ZN6NesMMU11SetChrRom1KEjj
                0x0000000000140440                _ZN6NesMMU12SetPrgRom16KEjj
                0x00000000001409d8                _ZN6NesMMU5LatchEt
                0x0000000000140a20                _ZN6NesMMU12RestoreStateEPh
                0x00000000001405d0                _ZN6NesMMU11SetChrRom4KEjj
                0x0000000000140ca8                _Z13NesMMUGetName7NesMMUE
                0x00000000001408a0                _ZN6NesMMU5ResetEv
                0x00000000001409a8                _ZN6NesMMU3IRQEv
                0x0000000000140a08                _ZN6NesMMU8Read4000Ej
                0x00000000001402f8                _ZN6NesMMUC2Ev
                0x0000000000140320                _ZN6NesMMUC1Ev
                0x0000000000140958                _ZN6NesMMU6SetROMEP6NesRom
                0x00000000001409e0                _ZN6NesMMU5WriteEjh
                0x0000000000140348                _ZN6NesMMU11SetPrgRom8KEjj
 .text          0x0000000000140da0      0x800 n6502.o
                0x0000000000140f28                N6502ResetRegs
                0x0000000000141038                N6502SetDebug
                0x00000000001412f8                N6502PushByte
                0x0000000000141338                N6502PopByte
                0x0000000000140f48                N6502Reset
                0x0000000000141110                N6502SetTrap
                0x0000000000141230                N6502ReadMem
                0x0000000000141360                N6502NMI
                0x0000000000141448                N6502Disassemble
                0x0000000000140f20                N6502Delete
                0x00000000001413c8                N6502IRQ
                0x00000000001412a0                N6502WriteByte
                0x0000000000141180                N6502GetMemPtr
                0x0000000000140ea8                N6502New
                0x00000000001411a0                N6502ReadByte
                0x00000000001410b0                N6502SetBank
                0x0000000000141010                N6502SetExecuteFunc
                0x0000000000141498                N6502DumpRegs
                0x00000000001411d0                N6502ReadWord
                0x0000000000141098                N6502SetBadOpcodeTrap
                0x0000000000140f90                N6502Execute
 .text          0x00000000001415a0     0x1dd0 ncpu_c.o
                0x00000000001419a8                NCPUExecute_C
 .text          0x0000000000143370      0x388 ndisasm.o
                0x00000000001436d8                N6502DisasmOpcode
 .text          0x00000000001436f8      0x1f8 nescpu.o
                0x0000000000143758                _ZN6NesCPUD1Ev
                0x00000000001436f8                _ZN6NesCPUC2Ev
                0x0000000000143778                _ZN6NesCPU10DumpDisasmEtj
                0x0000000000143800                _ZN6NesCPU8DumpRegsEv
                0x0000000000143718                _ZN6NesCPUC1Ev
                0x0000000000143738                _ZN6NesCPUD2Ev
 .text          0x00000000001438f0      0x9e0 nesppu.o
                0x0000000000143cd8                _ZN6NesPPU13LatchLineAddrEv
                0x0000000000143c48                _ZN6NesPPU13VramAddrFrameEv
                0x0000000000143d88                _ZN6NesPPU13BeginScanLineEv
                0x0000000000143bd0                _ZN6NesPPU9BGEnabledEv
                0x0000000000143ca8                _ZN6NesPPU14VramAddrReturnEv
                0x0000000000144070                _ZN6NesPPU9VramWriteEth
                0x00000000001438f0                _ZN6NesPPUC2Ev
                0x0000000000143c68                _ZN6NesPPU12VramAddrNextEv
                0x0000000000144288                _ZN6NesPPU8PalWriteEth
                0x0000000000143d40                _ZN6NesPPU8EndFrameEv
                0x0000000000143ea0                _ZN6NesPPU8RegWriteEjh
                0x00000000001441d0                _ZN6NesPPU15SetNameTableROMEjPh
                0x0000000000143bc0                _ZN6NesPPU10NMIEnabledEv
                0x0000000000143d10                _ZN6NesPPU11BeginVBlankEv
                0x0000000000143d30                _ZN6NesPPU9EndVBlankEv
                0x0000000000143e10                _ZN6NesPPU7RegReadEj
                0x0000000000144130                _ZN6NesPPU8VramReadEt
                0x00000000001442c0                _ZN6NesPPU7PalReadEt
                0x0000000000143a90                _ZN6NesPPU5ResetEv
                0x0000000000144060                _ZN6NesPPU8ObjWriteEhh
                0x0000000000143be0                _ZN6NesPPU10BeginFrameEP14CRenderSurface
                0x00000000001440d0                _ZN6NesPPU13VramReadLatchEt
                0x0000000000144228                _ZN6NesPPU12SetNameTableEjj
                0x0000000000144180                _ZN6NesPPU10VramMapRAMEjPh
                0x00000000001439c0                _ZN6NesPPUC1Ev
                0x0000000000143d90                _ZN6NesPPU11EndScanLineEv
                0x00000000001441a8                _ZN6NesPPU10VramMapROMEjPh
                0x0000000000143da0                _ZN6NesPPU6ReadSREv
                0x0000000000144058                _ZN6NesPPU10ObjSetAddrEh
 .text          0x00000000001442d0      0xe40 nesppurender.o
                0x0000000000144e40                _ZN6NesPPU7ExecuteEi
                0x00000000001443e8                _ZN6NesPPU17sBuildPlaneLookupEv
                0x0000000000144bd0                _ZN6NesPPU8FetchOBJEv
                0x00000000001450d8                _ZN6NesPPU8NextLineEt
                0x0000000000144d60                _ZN6NesPPU8FetchBG2Ei
                0x0000000000144300                _ZN10NesScrollT7GetAddrEv
                0x0000000000144ed8                _ZN6NesPPU10RenderLineEv
                0x0000000000144380                _ZN10NesScrollT9NextBlockEv
                0x0000000000144330                _ZN10NesScrollT8NextLineEv
                0x00000000001442d0                _ZN10NesScrollT7SetAddrEj
 .text          0x0000000000145110      0x230 nespal.o
                0x0000000000145240                _Z20NesPalComposePaletteiP8Color32TS0_j
                0x0000000000145310                _Z14NesPalGenerateP8Color32Tff
                0x00000000001452e8                _Z21NesPalGetStockPalette7NesPalE
 .text          0x0000000000145340      0x5c8 nesrom.o
                0x00000000001458c8                _ZN10NesFDSBios16GetRomRegionSizeEj
                0x0000000000145480                _ZN6NesRomD0Ev
                0x00000000001454d8                _ZN6NesRom7LoadRomEP7CDataIOPhj
                0x0000000000145740                _ZN6NesRom16GetRomRegionNameEj
                0x0000000000145430                _ZN6NesRomD1Ev
                0x00000000001453e0                _ZN6NesRomD2Ev
                0x00000000001458b0                _ZN10NesFDSBios16GetRomRegionNameEj
                0x00000000001458a8                _ZN10NesFDSBios16GetNumRomRegionsEv
                0x00000000001457c0                _ZN6NesRom10GetExtNameEj
                0x00000000001456f8                _ZN6NesRom6UnloadEv
                0x00000000001458e8                _ZN10NesFDSBios10GetNumExtsEv
                0x0000000000145390                _ZN6NesRomC1Ev
                0x0000000000145340                _ZN6NesRomC2Ev
                0x00000000001458e0                _ZN10NesFDSBios13GetMapperNameEv
                0x00000000001457b8                _ZN6NesRom10GetNumExtsEv
                0x00000000001458f0                _ZN10NesFDSBios10GetExtNameEj
                0x00000000001457d8                _ZN10NesFDSBios7LoadRomEP7CDataIOPhj
                0x0000000000145738                _ZN6NesRom16GetNumRomRegionsEv
                0x0000000000145798                _ZN6NesRom13GetMapperNameEv
                0x0000000000145768                _ZN6NesRom16GetRomRegionSizeEj
 .text          0x0000000000145908     0x14e0 nesspu.o
                0x0000000000146160                _ZN9NesSPUDMC8IsActiveEv
                0x0000000000146400                _ZN6NesSPUD1Ev
                0x0000000000145c58                _ZN12NesSPUSquare9GetOutputEv
                0x0000000000145fa8                _ZN11NesSPUNoise6UpdateEj
                0x0000000000145978                _ZN13NesSPUChannel6EnableEv
                0x0000000000146930                _ZN12CNesDMCQueue7EnqueueEjh
                0x0000000000145908                _ZN13NesSPUChannelC2Ev
                0x0000000000146288                _ZN6NesSPU10DMCExecuteEj
                0x0000000000145958                _ZN13NesSPUChannel5ResetEv
                0x00000000001467f8                _ZN6NesSPU6UpdateEj
                0x0000000000146408                _ZN6NesSPU8RegWriteEjh
                0x0000000000145e88                _ZN14NesSPUTriangle9GetOutputEv
                0x0000000000146180                _ZN9NesSPUDMC6DmaBitEP6NesCPU
                0x0000000000146a30                _ZN6NesSPU7ProcessEP12CNesSPUMixerP10CMixBuffer
                0x0000000000146348                _ZN6NesSPUC2Ev
                0x0000000000146918                _ZN12CNesDMCQueue5ResetEv
                0x0000000000146030                _ZN11NesSPUNoise9GetOutputEv
                0x0000000000146978                _ZN6NesSPU10BeginFrameEv
                0x0000000000146558                _ZN6NesSPU5WriteEjhj
                0x00000000001463f8                _ZN6NesSPUD2Ev
                0x0000000000145b28                _ZN12NesSPUSquare6UpdateEj
                0x0000000000145ee0                _ZN11NesSPUNoise8RegWriteEhh
                0x0000000000146140                _ZN9NesSPUDMC5ResetEv
                0x00000000001460e0                _ZN9NesSPUDMC6EnableEv
                0x00000000001463a0                _ZN6NesSPUC1Ev
                0x0000000000146690                _ZN6NesSPU7RegReadEj
                0x0000000000146068                _ZN9NesSPUDMC8RegWriteEhh
                0x0000000000146988                _ZN6NesSPU8EndFrameEv
                0x0000000000146778                _ZN6NesSPU5ResetEv
                0x0000000000145cd8                _ZN14NesSPUTriangle13SetLinearModeEj
                0x0000000000145e38                _ZN14NesSPUTriangle6UpdateEj
                0x0000000000145a28                _ZN12NesSPUSquare8RegWriteEhh
                0x0000000000146670                _ZN6NesSPU4ReadEjj
                0x0000000000146130                _ZN9NesSPUDMC7DisableEv
                0x0000000000146850                _ZN6NesSPU3MixEP12CNesSPUMixerPsii
                0x0000000000145988                _ZN13NesSPUChannel7DisableEv
                0x0000000000145998                _ZN12NesSPUSquareC2Ei
                0x00000000001459e0                _ZN12NesSPUSquareC1Ei
                0x0000000000145930                _ZN13NesSPUChannelC1Ev
                0x0000000000145d00                _ZN14NesSPUTriangle8RegWriteEhh
 .text          0x0000000000146de8      0x7e8 nesspumix.o
                0x0000000000147020                _ZN12NesSPUSquare3MixEP12CNesSPUMixerPsif
                0x0000000000147168                _ZN14NesSPUTriangle3MixEP12CNesSPUMixerPsif
                0x0000000000147310                _ZN11NesSPUNoise3MixEP12CNesSPUMixerPsifi
                0x0000000000146e10                _ZN12CNesSPUMixer9SetVolumeEi
                0x0000000000147498                _ZN9NesSPUDMC4Mix2EP12CNesSPUMixerPsif
                0x00000000001475b0                _ZN12CNesSPUMixerC1Ev
                0x0000000000147590                _ZN12CNesSPUMixerC2Ev
                0x00000000001474d8                _ZN9NesSPUDMC3MixEP12CNesSPUMixerPsiP12CNesDMCQueuej
 .text          0x00000000001475d0      0xab0 nesstate.o
                0x0000000000148030                _ZN5NesIO9SaveStateEP11NesStateIOT
                0x00000000001478e0                _ZN6NesCPU12RestoreStateEP12NesStateCPUT
                0x0000000000147638                _ZN9NesSystem9SaveStateEP9NesStateT
                0x0000000000147630                _ZN9NesSystem12GetStateSizeEv
                0x0000000000147700                _ZN9NesSystem12RestoreStateEP9NesStateT
                0x0000000000147908                _ZN6NesCPU9SaveStateEP12NesStateCPUT
                0x0000000000147aa0                _ZN6NesSPU9SaveStateEP12NesStateSPUT
                0x0000000000147858                _ZN6NesPPU12RestoreStateEP12NesStatePPUT
                0x00000000001477c8                _ZN6NesPPU9SaveStateEP12NesStatePPUT
                0x0000000000147600                _ZN9NesSystem12RestoreStateEPvi
                0x0000000000147d68                _ZN6NesSPU12RestoreStateEP12NesStateSPUT
                0x00000000001479b8                _ZN6NesMMU12RestoreStateEP12NesStateMMUT
                0x00000000001475d0                _ZN9NesSystem9SaveStateEPvi
                0x0000000000148058                _ZN5NesIO12RestoreStateEP11NesStateIOT
                0x0000000000147940                _ZN6NesMMU9SaveStateEP12NesStateMMUT
 .text          0x0000000000148080      0xee8 nes.o
                0x0000000000148750                _ZN9NesSystem8ResetCPUEh
                0x0000000000148600                _ZN9NesSystem6SetRomEP7CEmuRom
                0x0000000000148488                _ZN9NesSystemD1Ev
                0x0000000000148c50                _ZN9NesSystem9BadOpcodeEt
                0x00000000001483d0                _ZN9NesSystemD2Ev
                0x0000000000148ea8                _ZN9NesSystem12GetSRAMBytesEv
                0x0000000000148918                _ZN9NesSystem5ResetEv
                0x0000000000148aa8                _ZN9NesSystem11ExecuteLineEv
                0x0000000000148f08                _ZN9NesSystem9GetStringE13EmuSysStringE
                0x0000000000148d60                _ZN9NesSystem9WriteTrapEjh
                0x0000000000148980                _ZN9NesSystem9SoftResetEv
                0x0000000000148730                _ZN9NesSystem10SetNesDiskEP7NesDisk
                0x0000000000148620                _ZN9NesSystem9SetNesRomEP6NesRom
                0x00000000001482e0                _ZN9NesSystemC1Ev
                0x0000000000148cb0                _ZN9NesSystem8ReadTrapEj
                0x0000000000148540                _ZN9NesSystemD0Ev
                0x0000000000148ed8                _ZN9NesSystem11GetSRAMDataEv
                0x0000000000148af0                _ZN9NesSystem12ExecuteFrameEP12EmuSysInputTP14CRenderSurfaceP10CMixBuffer11EmuSysModeE
                0x00000000001481f0                _ZN9NesSystemC2Ev
                0x00000000001489c8                _ZN9NesSystem17ExecuteRasterLineEv
 .text          0x0000000000148f68     0x1430 /dev/ps2dev/ps2lib/dev/ee/lib/libmc.a(libmc.o)
                0x0000000000149878                mcFlush
                0x00000000001494c0                mcClose
                0x00000000001492a0                mcGetInfo
                0x000000000014a150                mcChangeThreadPriority
                0x0000000000149dd0                mcFormat
                0x0000000000149e90                mcUnformat
                0x0000000000149120                mcInit
                0x0000000000149578                mcSeek
                0x000000000014a2f8                strcpy_sjis
                0x000000000014a030                mcRename
                0x0000000000149cf0                mcDelete
                0x0000000000149f50                mcGetEntSpace
                0x000000000014a208                mcSync
                0x0000000000149640                mcRead
                0x0000000000149960                mcChdir
                0x0000000000149738                mcWrite
                0x0000000000149b78                mcSetFileInfo
                0x00000000001493e0                mcOpen
                0x0000000000149930                mcMkDir
                0x0000000000149a68                mcGetDir
 .text          0x000000000014a398      0xc48 /dev/ps2dev/ps2lib/dev/ee/lib/libpad.a(libpad.o)
                0x000000000014ac10                padEnterPressMode
                0x000000000014ac50                padGetButtonMask
                0x000000000014ae50                padSetActAlign
                0x000000000014ac30                padExitPressMode
                0x000000000014aa60                padInfoMode
                0x000000000014a400                padInit
                0x000000000014afd8                padGetConnection
                0x000000000014a928                padReqStateInt2String
                0x000000000014af30                padSetActDirect
                0x000000000014abe0                padInfoPressMode
                0x000000000014a8b0                padSetReqState
                0x000000000014a8e0                padStateInt2String
                0x000000000014a5e0                padPortOpen
                0x000000000014ad88                padInfoAct
                0x000000000014ab20                padSetMainMode
                0x000000000014acd0                padSetButtonInfo
                0x000000000014a718                padPortClose
                0x000000000014a7d0                padRead
                0x000000000014a560                padEnd
                0x000000000014a970                padGetPortMax
                0x000000000014a818                padGetState
                0x000000000014a9e0                padGetSlotMax
                0x000000000014aa58                padGetModVersion
                0x000000000014a890                padGetReqState
 .text          0x000000000014afe0      0x958 /dev/ps2dev/ps2net/dev/ps2ip/ee/lib/libps2ip.a(ps2ipc.o)
                0x000000000014b3d0                recv
                0x000000000014b238                connect
                0x000000000014b8a0                ps2ip_getconfig
                0x000000000014b4a8                recvfrom
                0x000000000014b798                socket
                0x000000000014b5b0                send
                0x000000000014afe0                ps2ip_init
                0x000000000014b080                accept
                0x000000000014b138                bind
                0x000000000014b1c8                disconnect
                0x000000000014b818                ps2ip_setconfig
                0x000000000014b690                sendto
                0x000000000014b2c8                listen
 .text          0x000000000014b938       0xac /dev/ps2dev/ps2lib/dev/ee/lib/libkernel.a(memcpy.o)
                0x000000000014b938                memcpy
 .text          0x000000000014b9e4       0xac /dev/ps2dev/ps2lib/dev/ee/lib/libkernel.a(memset.o)
                0x000000000014b9e4                memset
 .text          0x000000000014ba90      0x12c /dev/ps2dev/ps2lib/dev/ee/lib/libkernel.a(strcat.o)
                0x000000000014ba90                strcat
 *fill*         0x000000000014bbbc        0x4 00
 .text          0x000000000014bbc0      0x1b8 /dev/ps2dev/ps2lib/dev/ee/lib/libkernel.a(strncmp.o)
                0x000000000014bbc0                strncmp
 .text          0x000000000014bd78       0x94 /dev/ps2dev/ps2lib/dev/ee/lib/libkernel.a(memcmp.o)
                0x000000000014bd78                memcmp
 .text          0x000000000014be0c       0xfc /dev/ps2dev/ps2lib/dev/ee/lib/libkernel.a(memmove.o)
                0x000000000014be0c                memmove
 .text          0x000000000014bf08      0x110 /dev/ps2dev/ps2lib/dev/ee/lib/libkernel.a(strcpy.o)
                0x000000000014bf08                strcpy
 .text          0x000000000014c018      0x1b8 /dev/ps2dev/ps2lib/dev/ee/lib/libkernel.a(strncpy.o)
                0x000000000014c018                strncpy
 .text          0x000000000014c1d0      0x138 /dev/ps2dev/ps2lib/dev/ee/lib/libkernel.a(strlen.o)
                0x000000000014c1d0                strlen
 .text          0x000000000014c308      0x190 /dev/ps2dev/ps2lib/dev/ee/lib/libkernel.a(strchr.o)
                0x000000000014c308                strchr
 .text          0x000000000014c498      0x144 /dev/ps2dev/ps2lib/dev/ee/lib/libkernel.a(strcmp.o)
                0x000000000014c498                strcmp
 *fill*         0x000000000014c5dc        0x4 00
 .text          0x000000000014c5e0      0x128 /dev/ps2dev/ps2lib/dev/ee/lib/libkernel.a(SifBindRpc.o)
                0x000000000014c5e0                SifBindRpc
 .text          0x000000000014c708      0x1b8 /dev/ps2dev/ps2lib/dev/ee/lib/libkernel.a(SifCallRpc.o)
                0x000000000014c708                SifCallRpc
 .text          0x000000000014c8c0       0xd0 /dev/ps2dev/ps2lib/dev/ee/lib/libkernel.a(SifRegisterRpc.o)
                0x000000000014c8c0                SifRegisterRpc
 .text          0x000000000014c990       0xa8 /dev/ps2dev/ps2lib/dev/ee/lib/libkernel.a(SifSetRpcQueue.o)
                0x000000000014c990                SifSetRpcQueue
 .text          0x000000000014ca38       0x58 /dev/ps2dev/ps2lib/dev/ee/lib/libkernel.a(SifGetNextRequest.o)
                0x000000000014ca38                SifGetNextRequest
 .text          0x000000000014ca90      0x1d0 /dev/ps2dev/ps2lib/dev/ee/lib/libkernel.a(SifExecRequest.o)
                0x000000000014cad0                SifExecRequest
 .text          0x000000000014cc60      0x428 /dev/ps2dev/ps2lib/dev/ee/lib/libkernel.a(SifRpcMain.o)
                0x000000000014cf18                SifInitRpc
                0x000000000014d060                SifExitRpc
 .text          0x000000000014d088       0xc0 /dev/ps2dev/ps2lib/dev/ee/lib/libkernel.a(_rpc_get_packet.o)
                0x000000000014d088                _rpc_get_packet
 .text          0x000000000014d148       0x30 /dev/ps2dev/ps2lib/dev/ee/lib/libkernel.a(_rpc_get_fpacket.o)
                0x000000000014d148                _rpc_get_fpacket
 .text          0x000000000014d178       0x30 /dev/ps2dev/ps2lib/dev/ee/lib/libkernel.a(SifCheckStatRpc.o)
                0x000000000014d178                SifCheckStatRpc
 *fill*         0x000000000014d1a8        0x8 00
 .text          0x000000000014d1b0       0x10 /dev/ps2dev/ps2lib/dev/ee/lib/libkernel.a(SetVTLBRefillHandler.o)
                0x000000000014d1b0                SetVTLBRefillHandler
 .text          0x000000000014d1c0       0x10 /dev/ps2dev/ps2lib/dev/ee/lib/libkernel.a(SetVCommonHandler.o)
                0x000000000014d1c0                SetVCommonHandler
 .text          0x000000000014d1d0       0x10 /dev/ps2dev/ps2lib/dev/ee/lib/libkernel.a(GetThreadId.o)
                0x000000000014d1d0                GetThreadId
 .text          0x000000000014d1e0       0x10 /dev/ps2dev/ps2lib/dev/ee/lib/libkernel.a(SleepThread.o)
                0x000000000014d1e0                SleepThread
 .text          0x000000000014d1f0       0x10 /dev/ps2dev/ps2lib/dev/ee/lib/libkernel.a(iWakeupThread.o)
                0x000000000014d1f0                iWakeupThread
 .text          0x000000000014d200       0x10 /dev/ps2dev/ps2lib/dev/ee/lib/libkernel.a(CreateSema.o)
                0x000000000014d200                CreateSema
 .text          0x000000000014d210       0x10 /dev/ps2dev/ps2lib/dev/ee/lib/libkernel.a(DeleteSema.o)
                0x000000000014d210                DeleteSema
 .text          0x000000000014d220       0x10 /dev/ps2dev/ps2lib/dev/ee/lib/libkernel.a(iSignalSema.o)
                0x000000000014d220                iSignalSema
 .text          0x000000000014d230       0x10 /dev/ps2dev/ps2lib/dev/ee/lib/libkernel.a(SignalSema.o)
                0x000000000014d230                SignalSema
 .text          0x000000000014d240       0x10 /dev/ps2dev/ps2lib/dev/ee/lib/libkernel.a(WaitSema.o)
                0x000000000014d240                WaitSema
 .text          0x000000000014d250       0x10 /dev/ps2dev/ps2lib/dev/ee/lib/libkernel.a(FlushCache.o)
                0x000000000014d250                FlushCache
 .text          0x000000000014d260       0x10 /dev/ps2dev/ps2lib/dev/ee/lib/libkernel.a(SifDmaStat.o)
                0x000000000014d260                SifDmaStat
 .text          0x000000000014d270       0x10 /dev/ps2dev/ps2lib/dev/ee/lib/libkernel.a(SifSetDma.o)
                0x000000000014d270                SifSetDma
 .text          0x000000000014d280       0x10 /dev/ps2dev/ps2lib/dev/ee/lib/libkernel.a(SifSetReg.o)
                0x000000000014d280                SifSetReg
 .text          0x000000000014d290       0x10 /dev/ps2dev/ps2lib/dev/ee/lib/libkernel.a(SifGetReg.o)
                0x000000000014d290                SifGetReg
 .text          0x000000000014d2a0       0xb0 /dev/ps2dev/ps2lib/dev/ee/lib/libkernel.a(SifWriteBackDCache.o)
                0x000000000014d2a0                SifWriteBackDCache
 .text          0x000000000014d350       0x10 /dev/ps2dev/ps2lib/dev/ee/lib/libkernel.a(__errno.o)
                0x000000000014d350                __errno
 .text          0x000000000014d360       0x30 /dev/ps2dev/ps2lib/dev/ee/lib/libkernel.a(fio_exit.o)
                0x000000000014d360                fioExit
 .text          0x000000000014d390       0xd8 /dev/ps2dev/ps2lib/dev/ee/lib/libkernel.a(fio_open.o)
                0x000000000014d390                fioOpen
 .text          0x000000000014d468       0x90 /dev/ps2dev/ps2lib/dev/ee/lib/libkernel.a(fio_close.o)
                0x000000000014d468                fioClose
 .text          0x000000000014d4f8      0x128 /dev/ps2dev/ps2lib/dev/ee/lib/libkernel.a(fio_read.o)
                0x000000000014d4f8                fioRead
 .text          0x000000000014d620      0x120 /dev/ps2dev/ps2lib/dev/ee/lib/libkernel.a(fio_write.o)
                0x000000000014d620                fioWrite
 .text          0x000000000014d740       0xb0 /dev/ps2dev/ps2lib/dev/ee/lib/libkernel.a(fio_lseek.o)
                0x000000000014d740                fioLseek
 .text          0x000000000014d7f0       0xa0 /dev/ps2dev/ps2lib/dev/ee/lib/libkernel.a(fio_mkdir.o)
                0x000000000014d7f0                fioMkdir
 .text          0x000000000014d890       0x88 /dev/ps2dev/ps2lib/dev/ee/lib/libkernel.a(_fio_read_intr.o)
                0x000000000014d890                _fio_read_intr
 .text          0x000000000014d918       0xa0 /dev/ps2dev/ps2lib/dev/ee/lib/libkernel.a(fio_dopen.o)
                0x000000000014d918                fioDopen
 .text          0x000000000014d9b8       0x90 /dev/ps2dev/ps2lib/dev/ee/lib/libkernel.a(fio_dclose.o)
                0x000000000014d9b8                fioDclose
 .text          0x000000000014da48       0xc8 /dev/ps2dev/ps2lib/dev/ee/lib/libkernel.a(fio_dread.o)
                0x000000000014da48                fioDread
 .text          0x000000000014db10       0xa0 /dev/ps2dev/ps2lib/dev/ee/lib/libkernel.a(fio_remove.o)
                0x000000000014db10                fioRemove
 .text          0x000000000014dbb0       0xa0 /dev/ps2dev/ps2lib/dev/ee/lib/libkernel.a(fio_rmdir.o)
                0x000000000014dbb0                fioRmdir
 .text          0x000000000014dc50       0x30 /dev/ps2dev/ps2lib/dev/ee/lib/libkernel.a(SifLoadFileExit.o)
                0x000000000014dc50                SifLoadFileExit
 .text          0x000000000014dc80       0x20 /dev/ps2dev/ps2lib/dev/ee/lib/libkernel.a(SifLoadModule.o)
                0x000000000014dc80                SifLoadModule
 .text          0x000000000014dca0       0x20 /dev/ps2dev/ps2lib/dev/ee/lib/libkernel.a(SifLoadModuleBuffer.o)
                0x000000000014dca0                SifLoadModuleBuffer
 .text          0x000000000014dcc0       0x10 /dev/ps2dev/ps2lib/dev/ee/lib/libkernel.a(SifExitIopHeap.o)
                0x000000000014dcc0                SifExitIopHeap
 .text          0x000000000014dcd0       0x80 /dev/ps2dev/ps2lib/dev/ee/lib/libkernel.a(SifAllocIopHeap.o)
                0x000000000014dcd0                SifAllocIopHeap
 .text          0x000000000014dd50       0x88 /dev/ps2dev/ps2lib/dev/ee/lib/libkernel.a(SifFreeIopHeap.o)